    Finished `release` profile [optimized] target(s) in 0.09s
     Running `experiments\prover-smoke\target\release\sapling-output-smoke.exe`
params_read_validate_ms=1850.020
prepare_vk_ms=1.043
input_prep_ms=12.185
G16_PROFILE stage=circuit_synthesis elapsed_ms=54.407
G16_PROFILE stage=qap_fft_quotient elapsed_ms=7.478
BELLMAN_MSM_SUBMIT_BEGIN call_id=1 exponent_count=8191
BELLMAN_MSM_SUBMIT_RETURN call_id=1 submit_elapsed_ms=0.014
G16_PROFILE stage=h_msm_submit elapsed_ms=0.047
BELLMAN_MSM_TASK_START call_id=1 delay_ms=0.024
G16_PROFILE stage=assignment_conversion elapsed_ms=0.271
BELLMAN_MSM_SUBMIT_BEGIN call_id=2 exponent_count=7821
BELLMAN_MSM_SUBMIT_RETURN call_id=2 submit_elapsed_ms=0.009
BELLMAN_MSM_SUBMIT_BEGIN call_id=3 exponent_count=6
BELLMAN_MSM_SUBMIT_RETURN call_id=3 submit_elapsed_ms=0.008
BELLMAN_MSM_SUBMIT_BEGIN call_id=4 exponent_count=7821
BELLMAN_MSM_SUBMIT_RETURN call_id=4 submit_elapsed_ms=0.012
BELLMAN_MSM_TASK_START call_id=2 delay_ms=0.061
BELLMAN_MSM_SUBMIT_BEGIN call_id=5 exponent_count=6
BELLMAN_MSM_SUBMIT_RETURN call_id=5 submit_elapsed_ms=0.061
BELLMAN_MSM_TASK_START call_id=5 delay_ms=0.062
BELLMAN_MSM_SUBMIT_BEGIN call_id=6 exponent_count=7821
BELLMAN_MSM_TASK_START call_id=4 delay_ms=0.026
BELLMAN_MSM_TASK_START call_id=3 delay_ms=0.117
BELLMAN_MSM_SUBMIT_RETURN call_id=6 submit_elapsed_ms=0.026
BELLMAN_MSM_SUBMIT_BEGIN call_id=7 exponent_count=6
BELLMAN_MSM_SUBMIT_RETURN call_id=7 submit_elapsed_ms=0.022
BELLMAN_MSM_SUBMIT_BEGIN call_id=8 exponent_count=7821
BELLMAN_MSM_SUBMIT_RETURN call_id=8 submit_elapsed_ms=0.011
G16_PROFILE stage=msm_setup_submit elapsed_ms=0.775
BELLMAN_MSM_TASK_START call_id=6 delay_ms=0.231
BELLMAN_MSM_TASK_START call_id=7 delay_ms=0.319
BELLMAN_MSM_TASK_START call_id=8 delay_ms=0.285
BELLMAN_MSM_STAGE_PROFILE call_id=7 chunks=85 exponent_chunking_ms=0.003 bucket_alloc_sum_ms=0.238 bucket_alloc_max_chunk_ms=0.101 bucket_fill_sum_ms=0.025 bucket_fill_max_chunk_ms=0.004 bucket_sum_sum_ms=2.659 bucket_sum_max_chunk_ms=0.145 parallel_chunks_wall_ms=1.024 part_fold_ms=0.433inner_elapsed_ms=1.463
BELLMAN_MSM_OP_COUNTS call_id=7 point_add_calls=1 base_skip_calls=0
BELLMAN_MSM_PROFILE call_id=7 exponent_count=6 density_map_size=Some(6) window=3 elapsed_ms=1.537
BELLMAN_MSM_STAGE_PROFILE call_id=3 chunks=85 exponent_chunking_ms=0.015 bucket_alloc_sum_ms=0.012 bucket_alloc_max_chunk_ms=0.002 bucket_fill_sum_ms=0.269 bucket_fill_max_chunk_ms=0.020 bucket_sum_sum_ms=0.883 bucket_sum_max_chunk_ms=0.053 parallel_chunks_wall_ms=2.074 part_fold_ms=0.168inner_elapsed_ms=2.258
BELLMAN_MSM_OP_COUNTS call_id=3 point_add_calls=374 base_skip_calls=0
BELLMAN_MSM_PROFILE call_id=3 exponent_count=6 density_map_size=None window=3 elapsed_ms=2.357
BELLMAN_MSM_STAGE_PROFILE call_id=6 chunks=29 exponent_chunking_ms=2.524 bucket_alloc_sum_ms=0.112 bucket_alloc_max_chunk_ms=0.035 bucket_fill_sum_ms=43.237 bucket_fill_max_chunk_ms=1.917 bucket_sum_sum_ms=18.188 bucket_sum_max_chunk_ms=0.728 parallel_chunks_wall_ms=76.516 part_fold_ms=0.116inner_elapsed_ms=79.156
BELLMAN_MSM_OP_COUNTS call_id=6 point_add_calls=77667 base_skip_calls=37004
BELLMAN_MSM_PROFILE call_id=6 exponent_count=7821 density_map_size=Some(7821) window=9 elapsed_ms=79.553
BELLMAN_MSM_STAGE_PROFILE call_id=1 chunks=26 exponent_chunking_ms=3.151 bucket_alloc_sum_ms=0.289 bucket_alloc_max_chunk_ms=0.043 bucket_fill_sum_ms=123.284 bucket_fill_max_chunk_ms=5.875 bucket_sum_sum_ms=34.596 bucket_sum_max_chunk_ms=2.179 parallel_chunks_wall_ms=79.196 part_fold_ms=0.116inner_elapsed_ms=82.464
BELLMAN_MSM_OP_COUNTS call_id=1 point_add_calls=212520 base_skip_calls=0
BELLMAN_MSM_STAGE_PROFILE call_id=2 chunks=29 exponent_chunking_ms=2.853 bucket_alloc_sum_ms=0.111 bucket_alloc_max_chunk_ms=0.035 bucket_fill_sum_ms=88.374 bucket_fill_max_chunk_ms=5.599 bucket_sum_sum_ms=20.871 bucket_sum_max_chunk_ms=1.346 parallel_chunks_wall_ms=79.256 part_fold_ms=0.117inner_elapsed_ms=82.226
BELLMAN_MSM_OP_COUNTS call_id=2 point_add_calls=142327 base_skip_calls=54955
BELLMAN_MSM_PROFILE call_id=1 exponent_count=8191 density_map_size=None window=10 elapsed_ms=83.037
BELLMAN_MSM_STAGE_PROFILE call_id=4 chunks=29 exponent_chunking_ms=2.265 bucket_alloc_sum_ms=0.280 bucket_alloc_max_chunk_ms=0.065 bucket_fill_sum_ms=59.194 bucket_fill_max_chunk_ms=2.910 bucket_sum_sum_ms=17.901 bucket_sum_max_chunk_ms=0.686 parallel_chunks_wall_ms=80.032 part_fold_ms=0.449inner_elapsed_ms=82.747
BELLMAN_MSM_OP_COUNTS call_id=4 point_add_calls=103191 base_skip_calls=50025
BELLMAN_MSM_PROFILE call_id=2 exponent_count=7821 density_map_size=None window=9 elapsed_ms=83.100
BELLMAN_MSM_STAGE_PROFILE call_id=8 chunks=29 exponent_chunking_ms=2.457 bucket_alloc_sum_ms=0.229 bucket_alloc_max_chunk_ms=0.044 bucket_fill_sum_ms=147.810 bucket_fill_max_chunk_ms=8.860 bucket_sum_sum_ms=59.653 bucket_sum_max_chunk_ms=3.656 parallel_chunks_wall_ms=79.135 part_fold_ms=0.861inner_elapsed_ms=82.453
BELLMAN_MSM_OP_COUNTS call_id=8 point_add_calls=77667 base_skip_calls=37004
BELLMAN_MSM_STAGE_PROFILE call_id=5 chunks=85 exponent_chunking_ms=0.005 bucket_alloc_sum_ms=0.035 bucket_alloc_max_chunk_ms=0.007 bucket_fill_sum_ms=0.025 bucket_fill_max_chunk_ms=0.006 bucket_sum_sum_ms=0.707 bucket_sum_max_chunk_ms=0.026 parallel_chunks_wall_ms=82.383 part_fold_ms=0.725inner_elapsed_ms=83.114
BELLMAN_MSM_OP_COUNTS call_id=5 point_add_calls=1 base_skip_calls=0
BELLMAN_MSM_PROFILE call_id=4 exponent_count=7821 density_map_size=Some(7821) window=9 elapsed_ms=83.261
BELLMAN_MSM_PROFILE call_id=5 exponent_count=6 density_map_size=Some(6) window=3 elapsed_ms=83.336
BELLMAN_MSM_PROFILE call_id=8 exponent_count=7821 density_map_size=Some(7821) window=9 elapsed_ms=83.041
G16_PROFILE stage=post_dispatch_wait_assembly elapsed_ms=83.816
run=1, prove_ms=146.588, verify_ms=2.426, proof_bytes=192, verified=true
G16_PROFILE stage=circuit_synthesis elapsed_ms=13.608
G16_PROFILE stage=qap_fft_quotient elapsed_ms=10.060
BELLMAN_MSM_SUBMIT_BEGIN call_id=9 exponent_count=8191
BELLMAN_MSM_SUBMIT_RETURN call_id=9 submit_elapsed_ms=0.017
BELLMAN_MSM_TASK_START call_id=9 delay_ms=0.024
G16_PROFILE stage=h_msm_submit elapsed_ms=0.032
G16_PROFILE stage=assignment_conversion elapsed_ms=0.264
BELLMAN_MSM_SUBMIT_BEGIN call_id=10 exponent_count=7821
BELLMAN_MSM_SUBMIT_RETURN call_id=10 submit_elapsed_ms=0.008
BELLMAN_MSM_SUBMIT_BEGIN call_id=11 exponent_count=6
BELLMAN_MSM_SUBMIT_RETURN call_id=11 submit_elapsed_ms=0.007
BELLMAN_MSM_TASK_START call_id=10 delay_ms=0.031
BELLMAN_MSM_TASK_START call_id=11 delay_ms=0.039
BELLMAN_MSM_SUBMIT_BEGIN call_id=12 exponent_count=7821
BELLMAN_MSM_SUBMIT_RETURN call_id=12 submit_elapsed_ms=0.151
BELLMAN_MSM_SUBMIT_BEGIN call_id=13 exponent_count=6
BELLMAN_MSM_SUBMIT_RETURN call_id=13 submit_elapsed_ms=0.007
BELLMAN_MSM_SUBMIT_BEGIN call_id=14 exponent_count=7821
BELLMAN_MSM_SUBMIT_RETURN call_id=14 submit_elapsed_ms=0.008
BELLMAN_MSM_SUBMIT_BEGIN call_id=15 exponent_count=6
BELLMAN_MSM_SUBMIT_RETURN call_id=15 submit_elapsed_ms=0.010
BELLMAN_MSM_SUBMIT_BEGIN call_id=16 exponent_count=7821
BELLMAN_MSM_SUBMIT_RETURN call_id=16 submit_elapsed_ms=0.007
G16_PROFILE stage=msm_setup_submit elapsed_ms=0.554
BELLMAN_MSM_TASK_START call_id=12 delay_ms=0.321
BELLMAN_MSM_TASK_START call_id=14 delay_ms=0.136
BELLMAN_MSM_TASK_START call_id=13 delay_ms=0.161
BELLMAN_MSM_TASK_START call_id=15 delay_ms=0.115
BELLMAN_MSM_TASK_START call_id=16 delay_ms=0.102
BELLMAN_MSM_STAGE_PROFILE call_id=13 chunks=85 exponent_chunking_ms=0.004 bucket_alloc_sum_ms=0.010 bucket_alloc_max_chunk_ms=0.001 bucket_fill_sum_ms=0.011 bucket_fill_max_chunk_ms=0.001 bucket_sum_sum_ms=0.979 bucket_sum_max_chunk_ms=0.017 parallel_chunks_wall_ms=1.244 part_fold_ms=0.181inner_elapsed_ms=1.430
BELLMAN_MSM_OP_COUNTS call_id=13 point_add_calls=1 base_skip_calls=0
BELLMAN_MSM_PROFILE call_id=13 exponent_count=6 density_map_size=Some(6) window=3 elapsed_ms=1.506
BELLMAN_MSM_STAGE_PROFILE call_id=15 chunks=85 exponent_chunking_ms=0.012 bucket_alloc_sum_ms=0.025 bucket_alloc_max_chunk_ms=0.011 bucket_fill_sum_ms=0.025 bucket_fill_max_chunk_ms=0.005 bucket_sum_sum_ms=2.548 bucket_sum_max_chunk_ms=0.047 parallel_chunks_wall_ms=1.207 part_fold_ms=0.493inner_elapsed_ms=1.713
BELLMAN_MSM_OP_COUNTS call_id=15 point_add_calls=1 base_skip_calls=0
BELLMAN_MSM_PROFILE call_id=15 exponent_count=6 density_map_size=Some(6) window=3 elapsed_ms=1.789
BELLMAN_MSM_STAGE_PROFILE call_id=12 chunks=29 exponent_chunking_ms=2.043 bucket_alloc_sum_ms=0.105 bucket_alloc_max_chunk_ms=0.027 bucket_fill_sum_ms=54.844 bucket_fill_max_chunk_ms=2.404 bucket_sum_sum_ms=17.809 bucket_sum_max_chunk_ms=0.964 parallel_chunks_wall_ms=69.886 part_fold_ms=0.110inner_elapsed_ms=72.040
BELLMAN_MSM_STAGE_PROFILE call_id=14 chunks=29 exponent_chunking_ms=2.109 bucket_alloc_sum_ms=0.088 bucket_alloc_max_chunk_ms=0.023 bucket_fill_sum_ms=42.438 bucket_fill_max_chunk_ms=1.907 bucket_sum_sum_ms=17.835 bucket_sum_max_chunk_ms=0.701 parallel_chunks_wall_ms=69.837 part_fold_ms=0.141inner_elapsed_ms=72.088
BELLMAN_MSM_OP_COUNTS call_id=14 point_add_calls=77667 base_skip_calls=37004
BELLMAN_MSM_STAGE_PROFILE call_id=10 chunks=29 exponent_chunking_ms=1.998 bucket_alloc_sum_ms=0.212 bucket_alloc_max_chunk_ms=0.052 bucket_fill_sum_ms=78.027 bucket_fill_max_chunk_ms=3.479 bucket_sum_sum_ms=18.217 bucket_sum_max_chunk_ms=0.669 parallel_chunks_wall_ms=70.391 part_fold_ms=0.117inner_elapsed_ms=72.507
BELLMAN_MSM_OP_COUNTS call_id=10 point_add_calls=142327 base_skip_calls=54955
BELLMAN_MSM_OP_COUNTS call_id=12 point_add_calls=103191 base_skip_calls=50025
BELLMAN_MSM_STAGE_PROFILE call_id=16 chunks=29 exponent_chunking_ms=2.390 bucket_alloc_sum_ms=0.258 bucket_alloc_max_chunk_ms=0.047 bucket_fill_sum_ms=120.612 bucket_fill_max_chunk_ms=5.699 bucket_sum_sum_ms=49.779 bucket_sum_max_chunk_ms=1.906 parallel_chunks_wall_ms=69.538 part_fold_ms=0.358inner_elapsed_ms=72.287
BELLMAN_MSM_PROFILE call_id=14 exponent_count=7821 density_map_size=Some(7821) window=9 elapsed_ms=72.478
BELLMAN_MSM_OP_COUNTS call_id=16 point_add_calls=77667 base_skip_calls=37004
BELLMAN_MSM_STAGE_PROFILE call_id=9 chunks=26 exponent_chunking_ms=3.071 bucket_alloc_sum_ms=0.344 bucket_alloc_max_chunk_ms=0.045 bucket_fill_sum_ms=106.147 bucket_fill_max_chunk_ms=4.660 bucket_sum_sum_ms=29.763 bucket_sum_max_chunk_ms=1.318 parallel_chunks_wall_ms=69.849 part_fold_ms=0.379inner_elapsed_ms=73.300
BELLMAN_MSM_OP_COUNTS call_id=9 point_add_calls=212520 base_skip_calls=0
BELLMAN_MSM_PROFILE call_id=12 exponent_count=7821 density_map_size=Some(7821) window=9 elapsed_ms=72.831
BELLMAN_MSM_PROFILE call_id=10 exponent_count=7821 density_map_size=None window=9 elapsed_ms=72.981
BELLMAN_MSM_PROFILE call_id=16 exponent_count=7821 density_map_size=Some(7821) window=9 elapsed_ms=73.015
BELLMAN_MSM_PROFILE call_id=9 exponent_count=8191 density_map_size=None window=10 elapsed_ms=74.067
BELLMAN_MSM_STAGE_PROFILE call_id=11 chunks=85 exponent_chunking_ms=0.004 bucket_alloc_sum_ms=0.030 bucket_alloc_max_chunk_ms=0.008 bucket_fill_sum_ms=0.305 bucket_fill_max_chunk_ms=0.022 bucket_sum_sum_ms=0.874 bucket_sum_max_chunk_ms=0.030 parallel_chunks_wall_ms=73.661 part_fold_ms=0.151inner_elapsed_ms=73.817
BELLMAN_MSM_OP_COUNTS call_id=11 point_add_calls=374 base_skip_calls=0
BELLMAN_MSM_PROFILE call_id=11 exponent_count=6 density_map_size=None window=3 elapsed_ms=73.883
G16_PROFILE stage=post_dispatch_wait_assembly elapsed_ms=74.213
run=2, prove_ms=98.601, verify_ms=2.155, proof_bytes=192, verified=true
G16_PROFILE stage=circuit_synthesis elapsed_ms=13.155
G16_PROFILE stage=qap_fft_quotient elapsed_ms=7.162
BELLMAN_MSM_SUBMIT_BEGIN call_id=17 exponent_count=8191
BELLMAN_MSM_SUBMIT_RETURN call_id=17 submit_elapsed_ms=0.018
BELLMAN_MSM_TASK_START call_id=17 delay_ms=0.023
G16_PROFILE stage=h_msm_submit elapsed_ms=0.035
G16_PROFILE stage=assignment_conversion elapsed_ms=0.267
BELLMAN_MSM_SUBMIT_BEGIN call_id=18 exponent_count=7821
BELLMAN_MSM_SUBMIT_RETURN call_id=18 submit_elapsed_ms=0.008
BELLMAN_MSM_TASK_START call_id=18 delay_ms=0.015
BELLMAN_MSM_SUBMIT_BEGIN call_id=19 exponent_count=6
BELLMAN_MSM_SUBMIT_RETURN call_id=19 submit_elapsed_ms=0.019
BELLMAN_MSM_SUBMIT_BEGIN call_id=20 exponent_count=7821
BELLMAN_MSM_TASK_START call_id=19 delay_ms=0.024
BELLMAN_MSM_SUBMIT_RETURN call_id=20 submit_elapsed_ms=0.007
BELLMAN_MSM_SUBMIT_BEGIN call_id=21 exponent_count=6
BELLMAN_MSM_SUBMIT_RETURN call_id=21 submit_elapsed_ms=0.006
BELLMAN_MSM_SUBMIT_BEGIN call_id=22 exponent_count=7821
BELLMAN_MSM_SUBMIT_RETURN call_id=22 submit_elapsed_ms=0.025
BELLMAN_MSM_SUBMIT_BEGIN call_id=23 exponent_count=6
BELLMAN_MSM_SUBMIT_RETURN call_id=23 submit_elapsed_ms=0.008
BELLMAN_MSM_SUBMIT_BEGIN call_id=24 exponent_count=7821
BELLMAN_MSM_SUBMIT_RETURN call_id=24 submit_elapsed_ms=0.010
G16_PROFILE stage=msm_setup_submit elapsed_ms=0.511
BELLMAN_MSM_TASK_START call_id=20 delay_ms=0.275
BELLMAN_MSM_TASK_START call_id=22 delay_ms=0.225
BELLMAN_MSM_TASK_START call_id=21 delay_ms=0.236
BELLMAN_MSM_TASK_START call_id=23 delay_ms=0.191
BELLMAN_MSM_TASK_START call_id=24 delay_ms=0.171
BELLMAN_MSM_STAGE_PROFILE call_id=21 chunks=85 exponent_chunking_ms=0.004 bucket_alloc_sum_ms=0.012 bucket_alloc_max_chunk_ms=0.002 bucket_fill_sum_ms=0.012 bucket_fill_max_chunk_ms=0.002 bucket_sum_sum_ms=1.049 bucket_sum_max_chunk_ms=0.083 parallel_chunks_wall_ms=1.163 part_fold_ms=0.157inner_elapsed_ms=1.324
BELLMAN_MSM_OP_COUNTS call_id=21 point_add_calls=1 base_skip_calls=0
BELLMAN_MSM_PROFILE call_id=21 exponent_count=6 density_map_size=Some(6) window=3 elapsed_ms=1.413
BELLMAN_MSM_STAGE_PROFILE call_id=23 chunks=85 exponent_chunking_ms=0.008 bucket_alloc_sum_ms=0.013 bucket_alloc_max_chunk_ms=0.002 bucket_fill_sum_ms=0.023 bucket_fill_max_chunk_ms=0.005 bucket_sum_sum_ms=2.203 bucket_sum_max_chunk_ms=0.044 parallel_chunks_wall_ms=1.114 part_fold_ms=0.449inner_elapsed_ms=1.573
BELLMAN_MSM_OP_COUNTS call_id=23 point_add_calls=1 base_skip_calls=0
BELLMAN_MSM_PROFILE call_id=23 exponent_count=6 density_map_size=Some(6) window=3 elapsed_ms=1.672
BELLMAN_MSM_STAGE_PROFILE call_id=22 chunks=29 exponent_chunking_ms=1.854 bucket_alloc_sum_ms=0.100 bucket_alloc_max_chunk_ms=0.043 bucket_fill_sum_ms=41.087 bucket_fill_max_chunk_ms=2.072 bucket_sum_sum_ms=17.497 bucket_sum_max_chunk_ms=0.648 parallel_chunks_wall_ms=74.768 part_fold_ms=0.112inner_elapsed_ms=76.735
BELLMAN_MSM_OP_COUNTS call_id=22 point_add_calls=77667 base_skip_calls=37004
BELLMAN_MSM_STAGE_PROFILE call_id=20 chunks=29 exponent_chunking_ms=1.919 bucket_alloc_sum_ms=0.106 bucket_alloc_max_chunk_ms=0.035 bucket_fill_sum_ms=66.234 bucket_fill_max_chunk_ms=5.316 bucket_sum_sum_ms=20.141 bucket_sum_max_chunk_ms=1.305 parallel_chunks_wall_ms=74.722 part_fold_ms=0.190inner_elapsed_ms=76.832
BELLMAN_MSM_OP_COUNTS call_id=20 point_add_calls=103191 base_skip_calls=50025
BELLMAN_MSM_STAGE_PROFILE call_id=18 chunks=29 exponent_chunking_ms=1.780 bucket_alloc_sum_ms=0.204 bucket_alloc_max_chunk_ms=0.067 bucket_fill_sum_ms=77.753 bucket_fill_max_chunk_ms=3.395 bucket_sum_sum_ms=17.556 bucket_sum_max_chunk_ms=0.655 parallel_chunks_wall_ms=75.262 part_fold_ms=0.115inner_elapsed_ms=77.157
BELLMAN_MSM_OP_COUNTS call_id=18 point_add_calls=142327 base_skip_calls=54955
BELLMAN_MSM_STAGE_PROFILE call_id=24 chunks=29 exponent_chunking_ms=2.569 bucket_alloc_sum_ms=0.291 bucket_alloc_max_chunk_ms=0.081 bucket_fill_sum_ms=123.745 bucket_fill_max_chunk_ms=7.479 bucket_sum_sum_ms=53.264 bucket_sum_max_chunk_ms=3.297 parallel_chunks_wall_ms=73.943 part_fold_ms=0.404inner_elapsed_ms=76.917
BELLMAN_MSM_PROFILE call_id=22 exponent_count=7821 density_map_size=Some(7821) window=9 elapsed_ms=77.213
BELLMAN_MSM_OP_COUNTS call_id=24 point_add_calls=77667 base_skip_calls=37004
BELLMAN_MSM_STAGE_PROFILE call_id=17 chunks=26 exponent_chunking_ms=2.874 bucket_alloc_sum_ms=0.308 bucket_alloc_max_chunk_ms=0.047 bucket_fill_sum_ms=121.240 bucket_fill_max_chunk_ms=9.323 bucket_sum_sum_ms=33.847 bucket_sum_max_chunk_ms=2.614 parallel_chunks_wall_ms=74.516 part_fold_ms=0.111inner_elapsed_ms=77.503
BELLMAN_MSM_OP_COUNTS call_id=17 point_add_calls=212520 base_skip_calls=0
BELLMAN_MSM_PROFILE call_id=18 exponent_count=7821 density_map_size=None window=9 elapsed_ms=77.802
BELLMAN_MSM_PROFILE call_id=20 exponent_count=7821 density_map_size=Some(7821) window=9 elapsed_ms=77.284
BELLMAN_MSM_PROFILE call_id=24 exponent_count=7821 density_map_size=Some(7821) window=9 elapsed_ms=77.687
BELLMAN_MSM_STAGE_PROFILE call_id=19 chunks=85 exponent_chunking_ms=0.004 bucket_alloc_sum_ms=0.014 bucket_alloc_max_chunk_ms=0.001 bucket_fill_sum_ms=0.244 bucket_fill_max_chunk_ms=0.013 bucket_sum_sum_ms=0.945 bucket_sum_max_chunk_ms=0.098 parallel_chunks_wall_ms=78.239 part_fold_ms=0.276inner_elapsed_ms=78.520
BELLMAN_MSM_OP_COUNTS call_id=19 point_add_calls=374 base_skip_calls=0
BELLMAN_MSM_PROFILE call_id=19 exponent_count=6 density_map_size=None window=3 elapsed_ms=78.618
BELLMAN_MSM_PROFILE call_id=17 exponent_count=8191 density_map_size=None window=10 elapsed_ms=78.983
G16_PROFILE stage=post_dispatch_wait_assembly elapsed_ms=79.114
run=3, prove_ms=100.100, verify_ms=2.295, proof_bytes=192, verified=true
G16_PROFILE stage=circuit_synthesis elapsed_ms=13.637
G16_PROFILE stage=qap_fft_quotient elapsed_ms=7.979
BELLMAN_MSM_SUBMIT_BEGIN call_id=25 exponent_count=8191
BELLMAN_MSM_SUBMIT_RETURN call_id=25 submit_elapsed_ms=0.019
BELLMAN_MSM_TASK_START call_id=25 delay_ms=0.026
G16_PROFILE stage=h_msm_submit elapsed_ms=0.041
G16_PROFILE stage=assignment_conversion elapsed_ms=0.331
BELLMAN_MSM_SUBMIT_BEGIN call_id=26 exponent_count=7821
BELLMAN_MSM_SUBMIT_RETURN call_id=26 submit_elapsed_ms=0.045
BELLMAN_MSM_TASK_START call_id=26 delay_ms=0.057
BELLMAN_MSM_SUBMIT_BEGIN call_id=27 exponent_count=6
BELLMAN_MSM_SUBMIT_RETURN call_id=27 submit_elapsed_ms=0.057
BELLMAN_MSM_SUBMIT_BEGIN call_id=28 exponent_count=7821
BELLMAN_MSM_TASK_START call_id=27 delay_ms=0.060
BELLMAN_MSM_SUBMIT_RETURN call_id=28 submit_elapsed_ms=0.011
BELLMAN_MSM_SUBMIT_BEGIN call_id=29 exponent_count=6
BELLMAN_MSM_TASK_START call_id=28 delay_ms=0.017
BELLMAN_MSM_SUBMIT_RETURN call_id=29 submit_elapsed_ms=0.009
BELLMAN_MSM_SUBMIT_BEGIN call_id=30 exponent_count=7821
BELLMAN_MSM_SUBMIT_RETURN call_id=30 submit_elapsed_ms=0.033
BELLMAN_MSM_SUBMIT_BEGIN call_id=31 exponent_count=6
BELLMAN_MSM_SUBMIT_RETURN call_id=31 submit_elapsed_ms=0.016
BELLMAN_MSM_SUBMIT_BEGIN call_id=32 exponent_count=7821
BELLMAN_MSM_SUBMIT_RETURN call_id=32 submit_elapsed_ms=0.015
BELLMAN_MSM_TASK_START call_id=29 delay_ms=0.211
BELLMAN_MSM_TASK_START call_id=30 delay_ms=0.132
G16_PROFILE stage=msm_setup_submit elapsed_ms=0.781
BELLMAN_MSM_TASK_START call_id=31 delay_ms=0.074
BELLMAN_MSM_TASK_START call_id=32 delay_ms=0.038
BELLMAN_MSM_STAGE_PROFILE call_id=29 chunks=85 exponent_chunking_ms=0.004 bucket_alloc_sum_ms=0.009 bucket_alloc_max_chunk_ms=0.000 bucket_fill_sum_ms=0.012 bucket_fill_max_chunk_ms=0.001 bucket_sum_sum_ms=1.049 bucket_sum_max_chunk_ms=0.028 parallel_chunks_wall_ms=1.349 part_fold_ms=0.177inner_elapsed_ms=1.530
BELLMAN_MSM_OP_COUNTS call_id=29 point_add_calls=1 base_skip_calls=0
BELLMAN_MSM_PROFILE call_id=29 exponent_count=6 density_map_size=Some(6) window=3 elapsed_ms=1.635
BELLMAN_MSM_STAGE_PROFILE call_id=31 chunks=85 exponent_chunking_ms=0.005 bucket_alloc_sum_ms=0.014 bucket_alloc_max_chunk_ms=0.001 bucket_fill_sum_ms=0.024 bucket_fill_max_chunk_ms=0.006 bucket_sum_sum_ms=2.719 bucket_sum_max_chunk_ms=0.077 parallel_chunks_wall_ms=1.269 part_fold_ms=0.597inner_elapsed_ms=1.872
BELLMAN_MSM_OP_COUNTS call_id=31 point_add_calls=1 base_skip_calls=0
BELLMAN_MSM_PROFILE call_id=31 exponent_count=6 density_map_size=Some(6) window=3 elapsed_ms=1.994
BELLMAN_MSM_STAGE_PROFILE call_id=30 chunks=29 exponent_chunking_ms=1.990 bucket_alloc_sum_ms=0.102 bucket_alloc_max_chunk_ms=0.025 bucket_fill_sum_ms=43.090 bucket_fill_max_chunk_ms=2.258 bucket_sum_sum_ms=18.599 bucket_sum_max_chunk_ms=1.054 parallel_chunks_wall_ms=69.187 part_fold_ms=0.117inner_elapsed_ms=71.295
BELLMAN_MSM_OP_COUNTS call_id=30 point_add_calls=77667 base_skip_calls=37004
BELLMAN_MSM_STAGE_PROFILE call_id=28 chunks=29 exponent_chunking_ms=2.136 bucket_alloc_sum_ms=0.092 bucket_alloc_max_chunk_ms=0.029 bucket_fill_sum_ms=56.420 bucket_fill_max_chunk_ms=2.494 bucket_sum_sum_ms=17.969 bucket_sum_max_chunk_ms=0.747 parallel_chunks_wall_ms=69.270 part_fold_ms=0.115inner_elapsed_ms=71.522
BELLMAN_MSM_OP_COUNTS call_id=28 point_add_calls=103191 base_skip_calls=50025
BELLMAN_MSM_PROFILE call_id=30 exponent_count=7821 density_map_size=Some(7821) window=9 elapsed_ms=71.732
BELLMAN_MSM_PROFILE call_id=28 exponent_count=7821 density_map_size=Some(7821) window=9 elapsed_ms=72.108
BELLMAN_MSM_STAGE_PROFILE call_id=26 chunks=29 exponent_chunking_ms=1.994 bucket_alloc_sum_ms=0.144 bucket_alloc_max_chunk_ms=0.034 bucket_fill_sum_ms=78.433 bucket_fill_max_chunk_ms=3.743 bucket_sum_sum_ms=17.890 bucket_sum_max_chunk_ms=0.651 parallel_chunks_wall_ms=71.249 part_fold_ms=0.154inner_elapsed_ms=73.398
BELLMAN_MSM_OP_COUNTS call_id=26 point_add_calls=142327 base_skip_calls=54955
BELLMAN_MSM_STAGE_PROFILE call_id=32 chunks=29 exponent_chunking_ms=2.201 bucket_alloc_sum_ms=0.241 bucket_alloc_max_chunk_ms=0.052 bucket_fill_sum_ms=125.868 bucket_fill_max_chunk_ms=6.703 bucket_sum_sum_ms=51.302 bucket_sum_max_chunk_ms=2.138 parallel_chunks_wall_ms=70.547 part_fold_ms=0.377inner_elapsed_ms=73.126
BELLMAN_MSM_OP_COUNTS call_id=32 point_add_calls=77667 base_skip_calls=37004
BELLMAN_MSM_PROFILE call_id=26 exponent_count=7821 density_map_size=None window=9 elapsed_ms=73.783
BELLMAN_MSM_PROFILE call_id=32 exponent_count=7821 density_map_size=Some(7821) window=9 elapsed_ms=73.516
BELLMAN_MSM_STAGE_PROFILE call_id=27 chunks=85 exponent_chunking_ms=0.005 bucket_alloc_sum_ms=0.017 bucket_alloc_max_chunk_ms=0.001 bucket_fill_sum_ms=0.244 bucket_fill_max_chunk_ms=0.015 bucket_sum_sum_ms=0.859 bucket_sum_max_chunk_ms=0.036 parallel_chunks_wall_ms=73.948 part_fold_ms=0.175inner_elapsed_ms=74.128
BELLMAN_MSM_OP_COUNTS call_id=27 point_add_calls=374 base_skip_calls=0
BELLMAN_MSM_PROFILE call_id=27 exponent_count=6 density_map_size=None window=3 elapsed_ms=74.218
BELLMAN_MSM_STAGE_PROFILE call_id=25 chunks=26 exponent_chunking_ms=3.327 bucket_alloc_sum_ms=0.298 bucket_alloc_max_chunk_ms=0.055 bucket_fill_sum_ms=112.573 bucket_fill_max_chunk_ms=4.708 bucket_sum_sum_ms=32.000 bucket_sum_max_chunk_ms=1.415 parallel_chunks_wall_ms=73.116 part_fold_ms=0.107inner_elapsed_ms=76.551
BELLMAN_MSM_OP_COUNTS call_id=25 point_add_calls=212520 base_skip_calls=0
BELLMAN_MSM_PROFILE call_id=25 exponent_count=8191 density_map_size=None window=10 elapsed_ms=77.014
G16_PROFILE stage=post_dispatch_wait_assembly elapsed_ms=76.300
run=4, prove_ms=98.861, verify_ms=2.336, proof_bytes=192, verified=true
G16_PROFILE stage=circuit_synthesis elapsed_ms=14.065
G16_PROFILE stage=qap_fft_quotient elapsed_ms=7.791
BELLMAN_MSM_SUBMIT_BEGIN call_id=33 exponent_count=8191
BELLMAN_MSM_SUBMIT_RETURN call_id=33 submit_elapsed_ms=0.018
BELLMAN_MSM_TASK_START call_id=33 delay_ms=0.025
G16_PROFILE stage=h_msm_submit elapsed_ms=0.035
G16_PROFILE stage=assignment_conversion elapsed_ms=0.280
BELLMAN_MSM_SUBMIT_BEGIN call_id=34 exponent_count=7821
BELLMAN_MSM_SUBMIT_RETURN call_id=34 submit_elapsed_ms=0.010
BELLMAN_MSM_TASK_START call_id=34 delay_ms=0.019
BELLMAN_MSM_SUBMIT_BEGIN call_id=35 exponent_count=6
BELLMAN_MSM_SUBMIT_RETURN call_id=35 submit_elapsed_ms=0.078
BELLMAN_MSM_TASK_START call_id=35 delay_ms=0.087
BELLMAN_MSM_SUBMIT_BEGIN call_id=36 exponent_count=7821
BELLMAN_MSM_SUBMIT_RETURN call_id=36 submit_elapsed_ms=0.030
BELLMAN_MSM_SUBMIT_BEGIN call_id=37 exponent_count=6
BELLMAN_MSM_SUBMIT_RETURN call_id=37 submit_elapsed_ms=0.011
BELLMAN_MSM_SUBMIT_BEGIN call_id=38 exponent_count=7821
BELLMAN_MSM_SUBMIT_RETURN call_id=38 submit_elapsed_ms=0.007
BELLMAN_MSM_SUBMIT_BEGIN call_id=39 exponent_count=6
BELLMAN_MSM_SUBMIT_RETURN call_id=39 submit_elapsed_ms=0.044
BELLMAN_MSM_SUBMIT_BEGIN call_id=40 exponent_count=7821
BELLMAN_MSM_SUBMIT_RETURN call_id=40 submit_elapsed_ms=0.006
G16_PROFILE stage=msm_setup_submit elapsed_ms=0.598
BELLMAN_MSM_TASK_START call_id=36 delay_ms=0.218
BELLMAN_MSM_TASK_START call_id=37 delay_ms=0.171
BELLMAN_MSM_TASK_START call_id=38 delay_ms=0.126
BELLMAN_MSM_TASK_START call_id=40 delay_ms=0.051
BELLMAN_MSM_TASK_START call_id=39 delay_ms=0.109
BELLMAN_MSM_STAGE_PROFILE call_id=37 chunks=85 exponent_chunking_ms=0.004 bucket_alloc_sum_ms=0.008 bucket_alloc_max_chunk_ms=0.001 bucket_fill_sum_ms=0.009 bucket_fill_max_chunk_ms=0.001 bucket_sum_sum_ms=0.755 bucket_sum_max_chunk_ms=0.009 parallel_chunks_wall_ms=1.081 part_fold_ms=0.170inner_elapsed_ms=1.256
BELLMAN_MSM_OP_COUNTS call_id=37 point_add_calls=1 base_skip_calls=0
BELLMAN_MSM_PROFILE call_id=37 exponent_count=6 density_map_size=Some(6) window=3 elapsed_ms=1.354
BELLMAN_MSM_STAGE_PROFILE call_id=39 chunks=85 exponent_chunking_ms=0.005 bucket_alloc_sum_ms=0.012 bucket_alloc_max_chunk_ms=0.000 bucket_fill_sum_ms=0.019 bucket_fill_max_chunk_ms=0.004 bucket_sum_sum_ms=2.217 bucket_sum_max_chunk_ms=0.036 parallel_chunks_wall_ms=1.012 part_fold_ms=0.477inner_elapsed_ms=1.495
BELLMAN_MSM_OP_COUNTS call_id=39 point_add_calls=1 base_skip_calls=0
BELLMAN_MSM_PROFILE call_id=39 exponent_count=6 density_map_size=Some(6) window=3 elapsed_ms=1.598
BELLMAN_MSM_STAGE_PROFILE call_id=38 chunks=29 exponent_chunking_ms=1.948 bucket_alloc_sum_ms=0.094 bucket_alloc_max_chunk_ms=0.033 bucket_fill_sum_ms=41.307 bucket_fill_max_chunk_ms=2.022 bucket_sum_sum_ms=17.644 bucket_sum_max_chunk_ms=0.641 parallel_chunks_wall_ms=60.590 part_fold_ms=0.122inner_elapsed_ms=62.660
BELLMAN_MSM_OP_COUNTS call_id=38 point_add_calls=77667 base_skip_calls=37004
BELLMAN_MSM_PROFILE call_id=38 exponent_count=7821 density_map_size=Some(7821) window=9 elapsed_ms=62.834
BELLMAN_MSM_STAGE_PROFILE call_id=36 chunks=29 exponent_chunking_ms=2.662 bucket_alloc_sum_ms=0.102 bucket_alloc_max_chunk_ms=0.043 bucket_fill_sum_ms=57.435 bucket_fill_max_chunk_ms=3.160 bucket_sum_sum_ms=18.020 bucket_sum_max_chunk_ms=0.796 parallel_chunks_wall_ms=68.677 part_fold_ms=0.298inner_elapsed_ms=71.637
BELLMAN_MSM_OP_COUNTS call_id=36 point_add_calls=103191 base_skip_calls=50025
BELLMAN_MSM_PROFILE call_id=36 exponent_count=7821 density_map_size=Some(7821) window=9 elapsed_ms=71.844
BELLMAN_MSM_STAGE_PROFILE call_id=34 chunks=29 exponent_chunking_ms=1.890 bucket_alloc_sum_ms=0.163 bucket_alloc_max_chunk_ms=0.042 bucket_fill_sum_ms=81.488 bucket_fill_max_chunk_ms=4.669 bucket_sum_sum_ms=18.905 bucket_sum_max_chunk_ms=1.316 parallel_chunks_wall_ms=72.519 part_fold_ms=0.114inner_elapsed_ms=74.524
BELLMAN_MSM_OP_COUNTS call_id=34 point_add_calls=142327 base_skip_calls=54955
BELLMAN_MSM_PROFILE call_id=34 exponent_count=7821 density_map_size=None window=9 elapsed_ms=74.871
BELLMAN_MSM_STAGE_PROFILE call_id=33 chunks=26 exponent_chunking_ms=3.089 bucket_alloc_sum_ms=0.313 bucket_alloc_max_chunk_ms=0.058 bucket_fill_sum_ms=115.990 bucket_fill_max_chunk_ms=7.674 bucket_sum_sum_ms=32.508 bucket_sum_max_chunk_ms=1.988 parallel_chunks_wall_ms=71.911 part_fold_ms=0.229inner_elapsed_ms=75.229
BELLMAN_MSM_OP_COUNTS call_id=33 point_add_calls=212520 base_skip_calls=0
BELLMAN_MSM_STAGE_PROFILE call_id=40 chunks=29 exponent_chunking_ms=2.849 bucket_alloc_sum_ms=0.224 bucket_alloc_max_chunk_ms=0.060 bucket_fill_sum_ms=122.958 bucket_fill_max_chunk_ms=7.338 bucket_sum_sum_ms=50.578 bucket_sum_max_chunk_ms=2.180 parallel_chunks_wall_ms=71.431 part_fold_ms=0.555inner_elapsed_ms=74.836
BELLMAN_MSM_OP_COUNTS call_id=40 point_add_calls=77667 base_skip_calls=37004
BELLMAN_MSM_PROFILE call_id=33 exponent_count=8191 density_map_size=None window=10 elapsed_ms=75.776
BELLMAN_MSM_PROFILE call_id=40 exponent_count=7821 density_map_size=Some(7821) window=9 elapsed_ms=75.228
BELLMAN_MSM_STAGE_PROFILE call_id=35 chunks=85 exponent_chunking_ms=0.004 bucket_alloc_sum_ms=0.024 bucket_alloc_max_chunk_ms=0.005 bucket_fill_sum_ms=0.245 bucket_fill_max_chunk_ms=0.007 bucket_sum_sum_ms=0.804 bucket_sum_max_chunk_ms=0.017 parallel_chunks_wall_ms=75.583 part_fold_ms=0.218inner_elapsed_ms=75.806
BELLMAN_MSM_OP_COUNTS call_id=35 point_add_calls=374 base_skip_calls=0
BELLMAN_MSM_PROFILE call_id=35 exponent_count=6 density_map_size=None window=3 elapsed_ms=75.893
G16_PROFILE stage=post_dispatch_wait_assembly elapsed_ms=76.387
run=5, prove_ms=99.003, verify_ms=2.268, proof_bytes=192, verified=true
CSV_PATH=experiments/raw/csv/sapling_output_prover_runs_release.csv
OUTPUT_PROOF_EXPERIMENT=PASS
