    Finished `release` profile [optimized] target(s) in 0.10s
     Running `experiments\prover-smoke\target\release\sapling-output-smoke.exe`
params_read_validate_ms=1794.403
prepare_vk_ms=1.009
input_prep_ms=12.367
G16_PROFILE stage=circuit_synthesis elapsed_ms=55.549
G16_PROFILE stage=qap_fft_quotient elapsed_ms=10.983
BELLMAN_MSM_SUBMIT_BEGIN call_id=1 exponent_count=8191
BELLMAN_MSM_SUBMIT_RETURN call_id=1 submit_elapsed_ms=0.014
BELLMAN_MSM_TASK_START call_id=1 delay_ms=0.022
G16_PROFILE stage=h_msm_submit elapsed_ms=0.034
G16_PROFILE stage=assignment_conversion elapsed_ms=0.234
BELLMAN_MSM_SUBMIT_BEGIN call_id=2 exponent_count=7821
BELLMAN_MSM_SUBMIT_RETURN call_id=2 submit_elapsed_ms=0.029
BELLMAN_MSM_SUBMIT_BEGIN call_id=3 exponent_count=6
BELLMAN_MSM_TASK_START call_id=2 delay_ms=0.052
BELLMAN_MSM_SUBMIT_RETURN call_id=3 submit_elapsed_ms=0.011
BELLMAN_MSM_SUBMIT_BEGIN call_id=4 exponent_count=7821
BELLMAN_MSM_SUBMIT_RETURN call_id=4 submit_elapsed_ms=0.006
BELLMAN_MSM_SUBMIT_BEGIN call_id=5 exponent_count=6
BELLMAN_MSM_SUBMIT_RETURN call_id=5 submit_elapsed_ms=0.006
BELLMAN_MSM_SUBMIT_BEGIN call_id=6 exponent_count=7821
BELLMAN_MSM_SUBMIT_RETURN call_id=6 submit_elapsed_ms=0.006
BELLMAN_MSM_SUBMIT_BEGIN call_id=7 exponent_count=6
BELLMAN_MSM_SUBMIT_RETURN call_id=7 submit_elapsed_ms=0.006
BELLMAN_MSM_SUBMIT_BEGIN call_id=8 exponent_count=7821
BELLMAN_MSM_SUBMIT_RETURN call_id=8 submit_elapsed_ms=0.005
G16_PROFILE stage=msm_setup_submit elapsed_ms=0.386
BELLMAN_MSM_STAGE_PROFILE call_id=2 chunks=29 exponent_chunking_ms=1.816 bucket_alloc_sum_ms=0.090 bucket_alloc_max_chunk_ms=0.027 bucket_fill_sum_ms=66.832 bucket_fill_max_chunk_ms=2.749 bucket_sum_sum_ms=15.348 bucket_sum_max_chunk_ms=0.667 parallel_chunks_wall_ms=82.294 part_fold_ms=0.116inner_elapsed_ms=84.230
BELLMAN_MSM_OP_COUNTS call_id=2 point_add_calls=142327 base_skip_calls=54955
BELLMAN_MSM_PROFILE call_id=2 exponent_count=7821 density_map_size=None window=9 elapsed_ms=84.482
BELLMAN_MSM_TASK_START call_id=3 delay_ms=105.134
BELLMAN_MSM_STAGE_PROFILE call_id=3 chunks=85 exponent_chunking_ms=0.007 bucket_alloc_sum_ms=0.010 bucket_alloc_max_chunk_ms=0.001 bucket_fill_sum_ms=0.194 bucket_fill_max_chunk_ms=0.018 bucket_sum_sum_ms=0.631 bucket_sum_max_chunk_ms=0.011 parallel_chunks_wall_ms=0.862 part_fold_ms=0.152inner_elapsed_ms=1.022
BELLMAN_MSM_OP_COUNTS call_id=3 point_add_calls=374 base_skip_calls=0
BELLMAN_MSM_PROFILE call_id=3 exponent_count=6 density_map_size=None window=3 elapsed_ms=1.117
BELLMAN_MSM_TASK_START call_id=4 delay_ms=106.269
BELLMAN_MSM_TASK_START call_id=5 delay_ms=140.178
BELLMAN_MSM_STAGE_PROFILE call_id=5 chunks=85 exponent_chunking_ms=0.004 bucket_alloc_sum_ms=0.008 bucket_alloc_max_chunk_ms=0.000 bucket_fill_sum_ms=0.006 bucket_fill_max_chunk_ms=0.001 bucket_sum_sum_ms=0.602 bucket_sum_max_chunk_ms=0.009 parallel_chunks_wall_ms=0.632 part_fold_ms=0.135inner_elapsed_ms=0.777
BELLMAN_MSM_OP_COUNTS call_id=5 point_add_calls=1 base_skip_calls=0
BELLMAN_MSM_PROFILE call_id=5 exponent_count=6 density_map_size=Some(6) window=3 elapsed_ms=0.831
BELLMAN_MSM_TASK_START call_id=6 delay_ms=141.044
BELLMAN_MSM_TASK_START call_id=7 delay_ms=167.394
BELLMAN_MSM_TASK_START call_id=8 delay_ms=169.281
BELLMAN_MSM_STAGE_PROFILE call_id=7 chunks=85 exponent_chunking_ms=0.004 bucket_alloc_sum_ms=0.011 bucket_alloc_max_chunk_ms=0.000 bucket_fill_sum_ms=0.011 bucket_fill_max_chunk_ms=0.004 bucket_sum_sum_ms=1.850 bucket_sum_max_chunk_ms=0.027 parallel_chunks_wall_ms=1.896 part_fold_ms=0.384inner_elapsed_ms=2.286
BELLMAN_MSM_OP_COUNTS call_id=7 point_add_calls=1 base_skip_calls=0
BELLMAN_MSM_PROFILE call_id=7 exponent_count=6 density_map_size=Some(6) window=3 elapsed_ms=2.367
BELLMAN_MSM_STAGE_PROFILE call_id=6 chunks=29 exponent_chunking_ms=1.503 bucket_alloc_sum_ms=0.063 bucket_alloc_max_chunk_ms=0.014 bucket_fill_sum_ms=35.767 bucket_fill_max_chunk_ms=1.679 bucket_sum_sum_ms=15.378 bucket_sum_max_chunk_ms=0.599 parallel_chunks_wall_ms=27.269 part_fold_ms=0.112inner_elapsed_ms=28.884
BELLMAN_MSM_OP_COUNTS call_id=6 point_add_calls=77667 base_skip_calls=37004
BELLMAN_MSM_PROFILE call_id=6 exponent_count=7821 density_map_size=Some(7821) window=9 elapsed_ms=29.060
BELLMAN_MSM_STAGE_PROFILE call_id=4 chunks=29 exponent_chunking_ms=1.728 bucket_alloc_sum_ms=0.085 bucket_alloc_max_chunk_ms=0.010 bucket_fill_sum_ms=50.705 bucket_fill_max_chunk_ms=2.322 bucket_sum_sum_ms=15.765 bucket_sum_max_chunk_ms=0.601 parallel_chunks_wall_ms=62.156 part_fold_ms=0.131inner_elapsed_ms=64.015
BELLMAN_MSM_OP_COUNTS call_id=4 point_add_calls=103191 base_skip_calls=50025
BELLMAN_MSM_PROFILE call_id=4 exponent_count=7821 density_map_size=Some(7821) window=9 elapsed_ms=64.302
BELLMAN_MSM_STAGE_PROFILE call_id=8 chunks=29 exponent_chunking_ms=1.581 bucket_alloc_sum_ms=0.115 bucket_alloc_max_chunk_ms=0.040 bucket_fill_sum_ms=106.043 bucket_fill_max_chunk_ms=5.189 bucket_sum_sum_ms=44.455 bucket_sum_max_chunk_ms=1.688 parallel_chunks_wall_ms=76.884 part_fold_ms=0.298inner_elapsed_ms=78.764
BELLMAN_MSM_OP_COUNTS call_id=8 point_add_calls=77667 base_skip_calls=37004
BELLMAN_MSM_PROFILE call_id=8 exponent_count=7821 density_map_size=Some(7821) window=9 elapsed_ms=79.116
BELLMAN_MSM_STAGE_PROFILE call_id=1 chunks=26 exponent_chunking_ms=2.635 bucket_alloc_sum_ms=0.187 bucket_alloc_max_chunk_ms=0.053 bucket_fill_sum_ms=98.948 bucket_fill_max_chunk_ms=4.338 bucket_sum_sum_ms=27.689 bucket_sum_max_chunk_ms=1.244 parallel_chunks_wall_ms=246.214 part_fold_ms=0.113inner_elapsed_ms=248.963
BELLMAN_MSM_OP_COUNTS call_id=1 point_add_calls=212520 base_skip_calls=0
BELLMAN_MSM_PROFILE call_id=1 exponent_count=8191 density_map_size=None window=10 elapsed_ms=249.301
G16_PROFILE stage=post_dispatch_wait_assembly elapsed_ms=249.001
run=1, prove_ms=316.061, verify_ms=2.211, proof_bytes=192, verified=true
G16_PROFILE stage=circuit_synthesis elapsed_ms=13.336
G16_PROFILE stage=qap_fft_quotient elapsed_ms=11.597
BELLMAN_MSM_SUBMIT_BEGIN call_id=9 exponent_count=8191
BELLMAN_MSM_SUBMIT_RETURN call_id=9 submit_elapsed_ms=0.009
BELLMAN_MSM_TASK_START call_id=9 delay_ms=0.015
G16_PROFILE stage=h_msm_submit elapsed_ms=0.020
G16_PROFILE stage=assignment_conversion elapsed_ms=0.236
BELLMAN_MSM_SUBMIT_BEGIN call_id=10 exponent_count=7821
BELLMAN_MSM_SUBMIT_RETURN call_id=10 submit_elapsed_ms=0.010
BELLMAN_MSM_TASK_START call_id=10 delay_ms=0.013
BELLMAN_MSM_SUBMIT_BEGIN call_id=11 exponent_count=6
BELLMAN_MSM_SUBMIT_RETURN call_id=11 submit_elapsed_ms=0.053
BELLMAN_MSM_SUBMIT_BEGIN call_id=12 exponent_count=7821
BELLMAN_MSM_SUBMIT_RETURN call_id=12 submit_elapsed_ms=0.007
BELLMAN_MSM_SUBMIT_BEGIN call_id=13 exponent_count=6
BELLMAN_MSM_SUBMIT_RETURN call_id=13 submit_elapsed_ms=0.009
BELLMAN_MSM_SUBMIT_BEGIN call_id=14 exponent_count=7821
BELLMAN_MSM_SUBMIT_RETURN call_id=14 submit_elapsed_ms=0.005
BELLMAN_MSM_SUBMIT_BEGIN call_id=15 exponent_count=6
BELLMAN_MSM_SUBMIT_RETURN call_id=15 submit_elapsed_ms=0.008
BELLMAN_MSM_SUBMIT_BEGIN call_id=16 exponent_count=7821
BELLMAN_MSM_SUBMIT_RETURN call_id=16 submit_elapsed_ms=0.008
G16_PROFILE stage=msm_setup_submit elapsed_ms=0.439
BELLMAN_MSM_STAGE_PROFILE call_id=10 chunks=29 exponent_chunking_ms=1.715 bucket_alloc_sum_ms=0.076 bucket_alloc_max_chunk_ms=0.022 bucket_fill_sum_ms=64.927 bucket_fill_max_chunk_ms=2.890 bucket_sum_sum_ms=15.200 bucket_sum_max_chunk_ms=0.567 parallel_chunks_wall_ms=80.219 part_fold_ms=0.109inner_elapsed_ms=82.044
BELLMAN_MSM_OP_COUNTS call_id=10 point_add_calls=142327 base_skip_calls=54955
BELLMAN_MSM_PROFILE call_id=10 exponent_count=7821 density_map_size=None window=9 elapsed_ms=82.212
BELLMAN_MSM_TASK_START call_id=11 delay_ms=103.775
BELLMAN_MSM_STAGE_PROFILE call_id=11 chunks=85 exponent_chunking_ms=0.005 bucket_alloc_sum_ms=0.009 bucket_alloc_max_chunk_ms=0.001 bucket_fill_sum_ms=0.170 bucket_fill_max_chunk_ms=0.003 bucket_sum_sum_ms=0.686 bucket_sum_max_chunk_ms=0.036 parallel_chunks_wall_ms=0.880 part_fold_ms=0.137inner_elapsed_ms=1.023
BELLMAN_MSM_OP_COUNTS call_id=11 point_add_calls=374 base_skip_calls=0
BELLMAN_MSM_PROFILE call_id=11 exponent_count=6 density_map_size=None window=3 elapsed_ms=1.110
BELLMAN_MSM_TASK_START call_id=12 delay_ms=104.851
BELLMAN_MSM_TASK_START call_id=13 delay_ms=105.867
BELLMAN_MSM_STAGE_PROFILE call_id=13 chunks=85 exponent_chunking_ms=0.004 bucket_alloc_sum_ms=0.008 bucket_alloc_max_chunk_ms=0.000 bucket_fill_sum_ms=0.008 bucket_fill_max_chunk_ms=0.002 bucket_sum_sum_ms=0.603 bucket_sum_max_chunk_ms=0.009 parallel_chunks_wall_ms=0.637 part_fold_ms=0.136inner_elapsed_ms=0.778
BELLMAN_MSM_OP_COUNTS call_id=13 point_add_calls=1 base_skip_calls=0
BELLMAN_MSM_PROFILE call_id=13 exponent_count=6 density_map_size=Some(6) window=3 elapsed_ms=0.858
BELLMAN_MSM_TASK_START call_id=14 delay_ms=136.716
BELLMAN_MSM_TASK_START call_id=15 delay_ms=162.777
BELLMAN_MSM_TASK_START call_id=16 delay_ms=164.586
BELLMAN_MSM_STAGE_PROFILE call_id=15 chunks=85 exponent_chunking_ms=0.005 bucket_alloc_sum_ms=0.010 bucket_alloc_max_chunk_ms=0.001 bucket_fill_sum_ms=0.010 bucket_fill_max_chunk_ms=0.003 bucket_sum_sum_ms=1.766 bucket_sum_max_chunk_ms=0.027 parallel_chunks_wall_ms=1.798 part_fold_ms=0.389inner_elapsed_ms=2.193
BELLMAN_MSM_OP_COUNTS call_id=15 point_add_calls=1 base_skip_calls=0
BELLMAN_MSM_PROFILE call_id=15 exponent_count=6 density_map_size=Some(6) window=3 elapsed_ms=2.270
BELLMAN_MSM_STAGE_PROFILE call_id=14 chunks=29 exponent_chunking_ms=1.632 bucket_alloc_sum_ms=0.052 bucket_alloc_max_chunk_ms=0.003 bucket_fill_sum_ms=35.004 bucket_fill_max_chunk_ms=1.620 bucket_sum_sum_ms=15.061 bucket_sum_max_chunk_ms=0.539 parallel_chunks_wall_ms=26.780 part_fold_ms=0.110inner_elapsed_ms=28.523
BELLMAN_MSM_OP_COUNTS call_id=14 point_add_calls=77667 base_skip_calls=37004
BELLMAN_MSM_PROFILE call_id=14 exponent_count=7821 density_map_size=Some(7821) window=9 elapsed_ms=28.774
BELLMAN_MSM_STAGE_PROFILE call_id=12 chunks=29 exponent_chunking_ms=1.418 bucket_alloc_sum_ms=0.108 bucket_alloc_max_chunk_ms=0.029 bucket_fill_sum_ms=47.327 bucket_fill_max_chunk_ms=2.085 bucket_sum_sum_ms=15.130 bucket_sum_max_chunk_ms=0.589 parallel_chunks_wall_ms=59.311 part_fold_ms=0.110inner_elapsed_ms=60.840
BELLMAN_MSM_OP_COUNTS call_id=12 point_add_calls=103191 base_skip_calls=50025
BELLMAN_MSM_PROFILE call_id=12 exponent_count=7821 density_map_size=Some(7821) window=9 elapsed_ms=61.296
BELLMAN_MSM_STAGE_PROFILE call_id=16 chunks=29 exponent_chunking_ms=1.736 bucket_alloc_sum_ms=0.098 bucket_alloc_max_chunk_ms=0.009 bucket_fill_sum_ms=104.805 bucket_fill_max_chunk_ms=4.795 bucket_sum_sum_ms=44.805 bucket_sum_max_chunk_ms=1.887 parallel_chunks_wall_ms=77.136 part_fold_ms=0.311inner_elapsed_ms=79.183
BELLMAN_MSM_OP_COUNTS call_id=16 point_add_calls=77667 base_skip_calls=37004
BELLMAN_MSM_PROFILE call_id=16 exponent_count=7821 density_map_size=Some(7821) window=9 elapsed_ms=79.436
BELLMAN_MSM_STAGE_PROFILE call_id=9 chunks=26 exponent_chunking_ms=2.755 bucket_alloc_sum_ms=0.187 bucket_alloc_max_chunk_ms=0.062 bucket_fill_sum_ms=97.496 bucket_fill_max_chunk_ms=4.044 bucket_sum_sum_ms=27.302 bucket_sum_max_chunk_ms=1.105 parallel_chunks_wall_ms=241.761 part_fold_ms=0.111inner_elapsed_ms=244.627
BELLMAN_MSM_OP_COUNTS call_id=9 point_add_calls=212520 base_skip_calls=0
BELLMAN_MSM_PROFILE call_id=9 exponent_count=8191 density_map_size=None window=10 elapsed_ms=244.983
G16_PROFILE stage=post_dispatch_wait_assembly elapsed_ms=244.638
run=2, prove_ms=270.140, verify_ms=2.148, proof_bytes=192, verified=true
G16_PROFILE stage=circuit_synthesis elapsed_ms=13.311
G16_PROFILE stage=qap_fft_quotient elapsed_ms=11.387
BELLMAN_MSM_SUBMIT_BEGIN call_id=17 exponent_count=8191
BELLMAN_MSM_SUBMIT_RETURN call_id=17 submit_elapsed_ms=0.010
G16_PROFILE stage=h_msm_submit elapsed_ms=0.019
BELLMAN_MSM_TASK_START call_id=17 delay_ms=0.039
G16_PROFILE stage=assignment_conversion elapsed_ms=0.221
BELLMAN_MSM_SUBMIT_BEGIN call_id=18 exponent_count=7821
BELLMAN_MSM_SUBMIT_RETURN call_id=18 submit_elapsed_ms=0.011
BELLMAN_MSM_TASK_START call_id=18 delay_ms=0.052
BELLMAN_MSM_SUBMIT_BEGIN call_id=19 exponent_count=6
BELLMAN_MSM_SUBMIT_RETURN call_id=19 submit_elapsed_ms=0.117
BELLMAN_MSM_SUBMIT_BEGIN call_id=20 exponent_count=7821
BELLMAN_MSM_SUBMIT_RETURN call_id=20 submit_elapsed_ms=0.012
BELLMAN_MSM_SUBMIT_BEGIN call_id=21 exponent_count=6
BELLMAN_MSM_SUBMIT_RETURN call_id=21 submit_elapsed_ms=0.010
BELLMAN_MSM_SUBMIT_BEGIN call_id=22 exponent_count=7821
BELLMAN_MSM_SUBMIT_RETURN call_id=22 submit_elapsed_ms=0.006
BELLMAN_MSM_SUBMIT_BEGIN call_id=23 exponent_count=6
BELLMAN_MSM_SUBMIT_RETURN call_id=23 submit_elapsed_ms=0.006
BELLMAN_MSM_SUBMIT_BEGIN call_id=24 exponent_count=7821
BELLMAN_MSM_SUBMIT_RETURN call_id=24 submit_elapsed_ms=0.005
G16_PROFILE stage=msm_setup_submit elapsed_ms=0.507
BELLMAN_MSM_STAGE_PROFILE call_id=18 chunks=29 exponent_chunking_ms=1.771 bucket_alloc_sum_ms=0.119 bucket_alloc_max_chunk_ms=0.066 bucket_fill_sum_ms=65.206 bucket_fill_max_chunk_ms=3.071 bucket_sum_sum_ms=15.112 bucket_sum_max_chunk_ms=0.550 parallel_chunks_wall_ms=80.453 part_fold_ms=0.109inner_elapsed_ms=82.334
BELLMAN_MSM_OP_COUNTS call_id=18 point_add_calls=142327 base_skip_calls=54955
BELLMAN_MSM_PROFILE call_id=18 exponent_count=7821 density_map_size=None window=9 elapsed_ms=82.634
BELLMAN_MSM_TASK_START call_id=19 delay_ms=103.326
BELLMAN_MSM_STAGE_PROFILE call_id=19 chunks=85 exponent_chunking_ms=0.004 bucket_alloc_sum_ms=0.009 bucket_alloc_max_chunk_ms=0.001 bucket_fill_sum_ms=0.168 bucket_fill_max_chunk_ms=0.003 bucket_sum_sum_ms=0.608 bucket_sum_max_chunk_ms=0.011 parallel_chunks_wall_ms=0.801 part_fold_ms=0.135inner_elapsed_ms=0.942
BELLMAN_MSM_OP_COUNTS call_id=19 point_add_calls=374 base_skip_calls=0
BELLMAN_MSM_PROFILE call_id=19 exponent_count=6 density_map_size=None window=3 elapsed_ms=1.007
BELLMAN_MSM_TASK_START call_id=20 delay_ms=104.249
BELLMAN_MSM_TASK_START call_id=21 delay_ms=148.952
BELLMAN_MSM_STAGE_PROFILE call_id=21 chunks=85 exponent_chunking_ms=0.005 bucket_alloc_sum_ms=0.008 bucket_alloc_max_chunk_ms=0.000 bucket_fill_sum_ms=0.007 bucket_fill_max_chunk_ms=0.001 bucket_sum_sum_ms=0.623 bucket_sum_max_chunk_ms=0.009 parallel_chunks_wall_ms=0.658 part_fold_ms=0.140inner_elapsed_ms=0.804
BELLMAN_MSM_OP_COUNTS call_id=21 point_add_calls=1 base_skip_calls=0
BELLMAN_MSM_PROFILE call_id=21 exponent_count=6 density_map_size=Some(6) window=3 elapsed_ms=0.875
BELLMAN_MSM_TASK_START call_id=22 delay_ms=149.866
BELLMAN_MSM_TASK_START call_id=23 delay_ms=176.031
BELLMAN_MSM_STAGE_PROFILE call_id=23 chunks=85 exponent_chunking_ms=0.004 bucket_alloc_sum_ms=0.010 bucket_alloc_max_chunk_ms=0.000 bucket_fill_sum_ms=0.009 bucket_fill_max_chunk_ms=0.003 bucket_sum_sum_ms=1.754 bucket_sum_max_chunk_ms=0.024 parallel_chunks_wall_ms=1.789 part_fold_ms=0.382inner_elapsed_ms=2.175
BELLMAN_MSM_OP_COUNTS call_id=23 point_add_calls=1 base_skip_calls=0
BELLMAN_MSM_PROFILE call_id=23 exponent_count=6 density_map_size=Some(6) window=3 elapsed_ms=2.248
BELLMAN_MSM_TASK_START call_id=24 delay_ms=178.238
BELLMAN_MSM_STAGE_PROFILE call_id=22 chunks=29 exponent_chunking_ms=1.545 bucket_alloc_sum_ms=0.054 bucket_alloc_max_chunk_ms=0.004 bucket_fill_sum_ms=35.264 bucket_fill_max_chunk_ms=1.617 bucket_sum_sum_ms=15.167 bucket_sum_max_chunk_ms=0.568 parallel_chunks_wall_ms=26.922 part_fold_ms=0.117inner_elapsed_ms=28.584
BELLMAN_MSM_OP_COUNTS call_id=22 point_add_calls=77667 base_skip_calls=37004
BELLMAN_MSM_PROFILE call_id=22 exponent_count=7821 density_map_size=Some(7821) window=9 elapsed_ms=28.808
BELLMAN_MSM_STAGE_PROFILE call_id=20 chunks=29 exponent_chunking_ms=1.554 bucket_alloc_sum_ms=0.095 bucket_alloc_max_chunk_ms=0.009 bucket_fill_sum_ms=68.924 bucket_fill_max_chunk_ms=5.086 bucket_sum_sum_ms=20.306 bucket_sum_max_chunk_ms=1.222 parallel_chunks_wall_ms=72.942 part_fold_ms=0.129inner_elapsed_ms=74.625
BELLMAN_MSM_OP_COUNTS call_id=20 point_add_calls=103191 base_skip_calls=50025
BELLMAN_MSM_PROFILE call_id=20 exponent_count=7821 density_map_size=Some(7821) window=9 elapsed_ms=74.918
BELLMAN_MSM_STAGE_PROFILE call_id=24 chunks=29 exponent_chunking_ms=1.657 bucket_alloc_sum_ms=0.101 bucket_alloc_max_chunk_ms=0.016 bucket_fill_sum_ms=105.327 bucket_fill_max_chunk_ms=4.899 bucket_sum_sum_ms=43.359 bucket_sum_max_chunk_ms=1.556 parallel_chunks_wall_ms=75.496 part_fold_ms=0.303inner_elapsed_ms=77.457
BELLMAN_MSM_OP_COUNTS call_id=24 point_add_calls=77667 base_skip_calls=37004
BELLMAN_MSM_PROFILE call_id=24 exponent_count=7821 density_map_size=Some(7821) window=9 elapsed_ms=77.860
BELLMAN_MSM_STAGE_PROFILE call_id=17 chunks=26 exponent_chunking_ms=2.709 bucket_alloc_sum_ms=0.212 bucket_alloc_max_chunk_ms=0.044 bucket_fill_sum_ms=97.208 bucket_fill_max_chunk_ms=4.034 bucket_sum_sum_ms=27.118 bucket_sum_max_chunk_ms=1.101 parallel_chunks_wall_ms=254.034 part_fold_ms=0.112inner_elapsed_ms=256.855
BELLMAN_MSM_OP_COUNTS call_id=17 point_add_calls=212520 base_skip_calls=0
BELLMAN_MSM_PROFILE call_id=17 exponent_count=8191 density_map_size=None window=10 elapsed_ms=257.197
G16_PROFILE stage=post_dispatch_wait_assembly elapsed_ms=256.845
run=3, prove_ms=282.130, verify_ms=2.235, proof_bytes=192, verified=true
G16_PROFILE stage=circuit_synthesis elapsed_ms=13.307
G16_PROFILE stage=qap_fft_quotient elapsed_ms=11.194
BELLMAN_MSM_SUBMIT_BEGIN call_id=25 exponent_count=8191
BELLMAN_MSM_SUBMIT_RETURN call_id=25 submit_elapsed_ms=0.010
BELLMAN_MSM_TASK_START call_id=25 delay_ms=0.015
G16_PROFILE stage=h_msm_submit elapsed_ms=0.019
G16_PROFILE stage=assignment_conversion elapsed_ms=0.235
BELLMAN_MSM_SUBMIT_BEGIN call_id=26 exponent_count=7821
BELLMAN_MSM_SUBMIT_RETURN call_id=26 submit_elapsed_ms=0.012
BELLMAN_MSM_TASK_START call_id=26 delay_ms=0.014
BELLMAN_MSM_SUBMIT_BEGIN call_id=27 exponent_count=6
BELLMAN_MSM_SUBMIT_RETURN call_id=27 submit_elapsed_ms=0.046
BELLMAN_MSM_SUBMIT_BEGIN call_id=28 exponent_count=7821
BELLMAN_MSM_SUBMIT_RETURN call_id=28 submit_elapsed_ms=0.012
BELLMAN_MSM_SUBMIT_BEGIN call_id=29 exponent_count=6
BELLMAN_MSM_SUBMIT_RETURN call_id=29 submit_elapsed_ms=0.008
BELLMAN_MSM_SUBMIT_BEGIN call_id=30 exponent_count=7821
BELLMAN_MSM_SUBMIT_RETURN call_id=30 submit_elapsed_ms=0.012
BELLMAN_MSM_SUBMIT_BEGIN call_id=31 exponent_count=6
BELLMAN_MSM_SUBMIT_RETURN call_id=31 submit_elapsed_ms=0.006
BELLMAN_MSM_SUBMIT_BEGIN call_id=32 exponent_count=7821
BELLMAN_MSM_SUBMIT_RETURN call_id=32 submit_elapsed_ms=0.005
G16_PROFILE stage=msm_setup_submit elapsed_ms=0.411
BELLMAN_MSM_STAGE_PROFILE call_id=26 chunks=29 exponent_chunking_ms=1.497 bucket_alloc_sum_ms=0.103 bucket_alloc_max_chunk_ms=0.024 bucket_fill_sum_ms=64.690 bucket_fill_max_chunk_ms=2.752 bucket_sum_sum_ms=15.066 bucket_sum_max_chunk_ms=0.553 parallel_chunks_wall_ms=79.875 part_fold_ms=0.110inner_elapsed_ms=81.483
BELLMAN_MSM_OP_COUNTS call_id=26 point_add_calls=142327 base_skip_calls=54955
BELLMAN_MSM_PROFILE call_id=26 exponent_count=7821 density_map_size=None window=9 elapsed_ms=81.650
BELLMAN_MSM_TASK_START call_id=27 delay_ms=102.209
BELLMAN_MSM_STAGE_PROFILE call_id=27 chunks=85 exponent_chunking_ms=0.004 bucket_alloc_sum_ms=0.007 bucket_alloc_max_chunk_ms=0.000 bucket_fill_sum_ms=0.169 bucket_fill_max_chunk_ms=0.003 bucket_sum_sum_ms=0.609 bucket_sum_max_chunk_ms=0.009 parallel_chunks_wall_ms=0.795 part_fold_ms=0.139inner_elapsed_ms=0.940
BELLMAN_MSM_OP_COUNTS call_id=27 point_add_calls=374 base_skip_calls=0
BELLMAN_MSM_PROFILE call_id=27 exponent_count=6 density_map_size=None window=3 elapsed_ms=0.996
BELLMAN_MSM_TASK_START call_id=28 delay_ms=103.180
BELLMAN_MSM_TASK_START call_id=29 delay_ms=135.838
BELLMAN_MSM_STAGE_PROFILE call_id=29 chunks=85 exponent_chunking_ms=0.004 bucket_alloc_sum_ms=0.007 bucket_alloc_max_chunk_ms=0.000 bucket_fill_sum_ms=0.006 bucket_fill_max_chunk_ms=0.001 bucket_sum_sum_ms=0.602 bucket_sum_max_chunk_ms=0.007 parallel_chunks_wall_ms=0.635 part_fold_ms=0.142inner_elapsed_ms=0.782
BELLMAN_MSM_OP_COUNTS call_id=29 point_add_calls=1 base_skip_calls=0
BELLMAN_MSM_PROFILE call_id=29 exponent_count=6 density_map_size=Some(6) window=3 elapsed_ms=0.865
BELLMAN_MSM_TASK_START call_id=30 delay_ms=136.743
BELLMAN_MSM_TASK_START call_id=31 delay_ms=137.566
BELLMAN_MSM_STAGE_PROFILE call_id=31 chunks=85 exponent_chunking_ms=0.004 bucket_alloc_sum_ms=0.011 bucket_alloc_max_chunk_ms=0.001 bucket_fill_sum_ms=0.008 bucket_fill_max_chunk_ms=0.003 bucket_sum_sum_ms=1.756 bucket_sum_max_chunk_ms=0.027 parallel_chunks_wall_ms=1.786 part_fold_ms=0.381inner_elapsed_ms=2.172
BELLMAN_MSM_OP_COUNTS call_id=31 point_add_calls=1 base_skip_calls=0
BELLMAN_MSM_PROFILE call_id=31 exponent_count=6 density_map_size=Some(6) window=3 elapsed_ms=2.251
BELLMAN_MSM_TASK_START call_id=32 delay_ms=163.155
BELLMAN_MSM_STAGE_PROFILE call_id=32 chunks=29 exponent_chunking_ms=1.601 bucket_alloc_sum_ms=0.169 bucket_alloc_max_chunk_ms=0.053 bucket_fill_sum_ms=107.126 bucket_fill_max_chunk_ms=5.027 bucket_sum_sum_ms=44.174 bucket_sum_max_chunk_ms=1.608 parallel_chunks_wall_ms=78.657 part_fold_ms=0.315inner_elapsed_ms=80.574
BELLMAN_MSM_OP_COUNTS call_id=32 point_add_calls=77667 base_skip_calls=37004
BELLMAN_MSM_PROFILE call_id=32 exponent_count=7821 density_map_size=Some(7821) window=9 elapsed_ms=80.825
BELLMAN_MSM_STAGE_PROFILE call_id=30 chunks=29 exponent_chunking_ms=1.547 bucket_alloc_sum_ms=0.059 bucket_alloc_max_chunk_ms=0.005 bucket_fill_sum_ms=35.339 bucket_fill_max_chunk_ms=1.617 bucket_sum_sum_ms=15.201 bucket_sum_max_chunk_ms=0.574 parallel_chunks_wall_ms=105.762 part_fold_ms=0.111inner_elapsed_ms=107.420
BELLMAN_MSM_OP_COUNTS call_id=30 point_add_calls=77667 base_skip_calls=37004
BELLMAN_MSM_PROFILE call_id=30 exponent_count=7821 density_map_size=Some(7821) window=9 elapsed_ms=107.716
BELLMAN_MSM_STAGE_PROFILE call_id=28 chunks=29 exponent_chunking_ms=1.403 bucket_alloc_sum_ms=0.078 bucket_alloc_max_chunk_ms=0.017 bucket_fill_sum_ms=48.196 bucket_fill_max_chunk_ms=2.403 bucket_sum_sum_ms=15.232 bucket_sum_max_chunk_ms=0.543 parallel_chunks_wall_ms=139.949 part_fold_ms=0.120inner_elapsed_ms=141.473
BELLMAN_MSM_OP_COUNTS call_id=28 point_add_calls=103191 base_skip_calls=50025
BELLMAN_MSM_PROFILE call_id=28 exponent_count=7821 density_map_size=Some(7821) window=9 elapsed_ms=141.858
BELLMAN_MSM_STAGE_PROFILE call_id=25 chunks=26 exponent_chunking_ms=2.405 bucket_alloc_sum_ms=0.141 bucket_alloc_max_chunk_ms=0.033 bucket_fill_sum_ms=96.604 bucket_fill_max_chunk_ms=3.863 bucket_sum_sum_ms=27.058 bucket_sum_max_chunk_ms=1.107 parallel_chunks_wall_ms=243.024 part_fold_ms=0.112inner_elapsed_ms=245.542
BELLMAN_MSM_OP_COUNTS call_id=25 point_add_calls=212520 base_skip_calls=0
BELLMAN_MSM_PROFILE call_id=25 exponent_count=8191 density_map_size=None window=10 elapsed_ms=246.014
G16_PROFILE stage=post_dispatch_wait_assembly elapsed_ms=245.674
run=4, prove_ms=270.691, verify_ms=2.230, proof_bytes=192, verified=true
G16_PROFILE stage=circuit_synthesis elapsed_ms=13.545
G16_PROFILE stage=qap_fft_quotient elapsed_ms=11.338
BELLMAN_MSM_SUBMIT_BEGIN call_id=33 exponent_count=8191
BELLMAN_MSM_SUBMIT_RETURN call_id=33 submit_elapsed_ms=0.018
G16_PROFILE stage=h_msm_submit elapsed_ms=0.042
BELLMAN_MSM_TASK_START call_id=33 delay_ms=0.028
G16_PROFILE stage=assignment_conversion elapsed_ms=0.238
BELLMAN_MSM_SUBMIT_BEGIN call_id=34 exponent_count=7821
BELLMAN_MSM_SUBMIT_RETURN call_id=34 submit_elapsed_ms=0.009
BELLMAN_MSM_TASK_START call_id=34 delay_ms=0.014
BELLMAN_MSM_SUBMIT_BEGIN call_id=35 exponent_count=6
BELLMAN_MSM_SUBMIT_RETURN call_id=35 submit_elapsed_ms=0.036
BELLMAN_MSM_SUBMIT_BEGIN call_id=36 exponent_count=7821
BELLMAN_MSM_SUBMIT_RETURN call_id=36 submit_elapsed_ms=0.007
BELLMAN_MSM_SUBMIT_BEGIN call_id=37 exponent_count=6
BELLMAN_MSM_SUBMIT_RETURN call_id=37 submit_elapsed_ms=0.011
BELLMAN_MSM_SUBMIT_BEGIN call_id=38 exponent_count=7821
BELLMAN_MSM_SUBMIT_RETURN call_id=38 submit_elapsed_ms=0.007
BELLMAN_MSM_SUBMIT_BEGIN call_id=39 exponent_count=6
BELLMAN_MSM_SUBMIT_RETURN call_id=39 submit_elapsed_ms=0.011
BELLMAN_MSM_SUBMIT_BEGIN call_id=40 exponent_count=7821
BELLMAN_MSM_SUBMIT_RETURN call_id=40 submit_elapsed_ms=0.012
G16_PROFILE stage=msm_setup_submit elapsed_ms=0.425
BELLMAN_MSM_STAGE_PROFILE call_id=34 chunks=29 exponent_chunking_ms=1.626 bucket_alloc_sum_ms=0.074 bucket_alloc_max_chunk_ms=0.023 bucket_fill_sum_ms=64.477 bucket_fill_max_chunk_ms=2.910 bucket_sum_sum_ms=15.196 bucket_sum_max_chunk_ms=0.558 parallel_chunks_wall_ms=79.764 part_fold_ms=0.109inner_elapsed_ms=81.500
BELLMAN_MSM_OP_COUNTS call_id=34 point_add_calls=142327 base_skip_calls=54955
BELLMAN_MSM_PROFILE call_id=34 exponent_count=7821 density_map_size=None window=9 elapsed_ms=81.736
BELLMAN_MSM_TASK_START call_id=35 delay_ms=103.137
BELLMAN_MSM_STAGE_PROFILE call_id=35 chunks=85 exponent_chunking_ms=0.005 bucket_alloc_sum_ms=0.008 bucket_alloc_max_chunk_ms=0.000 bucket_fill_sum_ms=0.168 bucket_fill_max_chunk_ms=0.003 bucket_sum_sum_ms=0.661 bucket_sum_max_chunk_ms=0.068 parallel_chunks_wall_ms=0.857 part_fold_ms=0.139inner_elapsed_ms=1.002
BELLMAN_MSM_OP_COUNTS call_id=35 point_add_calls=374 base_skip_calls=0
BELLMAN_MSM_PROFILE call_id=35 exponent_count=6 density_map_size=None window=3 elapsed_ms=1.079
BELLMAN_MSM_TASK_START call_id=36 delay_ms=104.228
BELLMAN_MSM_TASK_START call_id=37 delay_ms=105.651
BELLMAN_MSM_STAGE_PROFILE call_id=37 chunks=85 exponent_chunking_ms=0.004 bucket_alloc_sum_ms=0.008 bucket_alloc_max_chunk_ms=0.001 bucket_fill_sum_ms=0.007 bucket_fill_max_chunk_ms=0.001 bucket_sum_sum_ms=0.611 bucket_sum_max_chunk_ms=0.016 parallel_chunks_wall_ms=0.643 part_fold_ms=0.135inner_elapsed_ms=0.783
BELLMAN_MSM_OP_COUNTS call_id=37 point_add_calls=1 base_skip_calls=0
BELLMAN_MSM_PROFILE call_id=37 exponent_count=6 density_map_size=Some(6) window=3 elapsed_ms=0.855
BELLMAN_MSM_TASK_START call_id=38 delay_ms=136.928
BELLMAN_MSM_TASK_START call_id=39 delay_ms=163.257
BELLMAN_MSM_TASK_START call_id=40 delay_ms=165.299
BELLMAN_MSM_STAGE_PROFILE call_id=39 chunks=85 exponent_chunking_ms=0.005 bucket_alloc_sum_ms=0.010 bucket_alloc_max_chunk_ms=0.001 bucket_fill_sum_ms=0.009 bucket_fill_max_chunk_ms=0.003 bucket_sum_sum_ms=1.758 bucket_sum_max_chunk_ms=0.024 parallel_chunks_wall_ms=1.799 part_fold_ms=0.381inner_elapsed_ms=2.185
BELLMAN_MSM_OP_COUNTS call_id=39 point_add_calls=1 base_skip_calls=0
BELLMAN_MSM_PROFILE call_id=39 exponent_count=6 density_map_size=Some(6) window=3 elapsed_ms=2.312
BELLMAN_MSM_STAGE_PROFILE call_id=38 chunks=29 exponent_chunking_ms=1.533 bucket_alloc_sum_ms=0.059 bucket_alloc_max_chunk_ms=0.004 bucket_fill_sum_ms=35.559 bucket_fill_max_chunk_ms=1.621 bucket_sum_sum_ms=15.236 bucket_sum_max_chunk_ms=0.573 parallel_chunks_wall_ms=27.148 part_fold_ms=0.119inner_elapsed_ms=28.801
BELLMAN_MSM_OP_COUNTS call_id=38 point_add_calls=77667 base_skip_calls=37004
BELLMAN_MSM_PROFILE call_id=38 exponent_count=7821 density_map_size=Some(7821) window=9 elapsed_ms=29.056
BELLMAN_MSM_STAGE_PROFILE call_id=36 chunks=29 exponent_chunking_ms=1.563 bucket_alloc_sum_ms=0.098 bucket_alloc_max_chunk_ms=0.022 bucket_fill_sum_ms=48.547 bucket_fill_max_chunk_ms=2.174 bucket_sum_sum_ms=15.204 bucket_sum_max_chunk_ms=0.579 parallel_chunks_wall_ms=60.261 part_fold_ms=0.113inner_elapsed_ms=61.938
BELLMAN_MSM_OP_COUNTS call_id=36 point_add_calls=103191 base_skip_calls=50025
BELLMAN_MSM_PROFILE call_id=36 exponent_count=7821 density_map_size=Some(7821) window=9 elapsed_ms=62.257
BELLMAN_MSM_STAGE_PROFILE call_id=40 chunks=29 exponent_chunking_ms=1.682 bucket_alloc_sum_ms=0.117 bucket_alloc_max_chunk_ms=0.029 bucket_fill_sum_ms=106.183 bucket_fill_max_chunk_ms=4.804 bucket_sum_sum_ms=44.060 bucket_sum_max_chunk_ms=1.652 parallel_chunks_wall_ms=76.481 part_fold_ms=0.318inner_elapsed_ms=78.482
BELLMAN_MSM_OP_COUNTS call_id=40 point_add_calls=77667 base_skip_calls=37004
BELLMAN_MSM_PROFILE call_id=40 exponent_count=7821 density_map_size=Some(7821) window=9 elapsed_ms=78.854
BELLMAN_MSM_STAGE_PROFILE call_id=33 chunks=26 exponent_chunking_ms=2.536 bucket_alloc_sum_ms=0.207 bucket_alloc_max_chunk_ms=0.040 bucket_fill_sum_ms=97.262 bucket_fill_max_chunk_ms=3.916 bucket_sum_sum_ms=27.296 bucket_sum_max_chunk_ms=1.107 parallel_chunks_wall_ms=242.060 part_fold_ms=0.112inner_elapsed_ms=244.708
BELLMAN_MSM_OP_COUNTS call_id=33 point_add_calls=212520 base_skip_calls=0
BELLMAN_MSM_PROFILE call_id=33 exponent_count=8191 density_map_size=None window=10 elapsed_ms=245.046
G16_PROFILE stage=post_dispatch_wait_assembly elapsed_ms=244.781
run=5, prove_ms=270.213, verify_ms=2.152, proof_bytes=192, verified=true
CSV_PATH=experiments/raw/csv/sapling_output_prover_runs_release.csv
OUTPUT_PROOF_EXPERIMENT=PASS
