    Finished `release` profile [optimized] target(s) in 0.09s
     Running `experiments\prover-smoke\target\release\sapling-output-smoke.exe`
params_read_validate_ms=1813.068
prepare_vk_ms=1.016
input_prep_ms=12.835
G16_PROFILE stage=circuit_synthesis elapsed_ms=55.516
G16_PROFILE stage=qap_fft_quotient elapsed_ms=11.567
G16_PROFILE stage=h_msm_submit elapsed_ms=0.026
G16_PROFILE stage=assignment_conversion elapsed_ms=0.315
G16_PROFILE stage=msm_setup_submit elapsed_ms=0.358
BELLMAN_MSM_STAGE_PROFILE call_id=5 chunks=85 exponent_chunking_ms=0.051 bucket_alloc_sum_ms=0.049 bucket_alloc_max_chunk_ms=0.008 bucket_fill_sum_ms=0.031 bucket_fill_max_chunk_ms=0.007 bucket_sum_sum_ms=1.711 bucket_sum_max_chunk_ms=0.347 inner_elapsed_ms=1.163
BELLMAN_MSM_PROFILE call_id=5 exponent_count=6 density_map_size=Some(6) window=3 elapsed_ms=1.384
BELLMAN_MSM_STAGE_PROFILE call_id=3 chunks=85 exponent_chunking_ms=0.008 bucket_alloc_sum_ms=2.417 bucket_alloc_max_chunk_ms=0.382 bucket_fill_sum_ms=0.350 bucket_fill_max_chunk_ms=0.015 bucket_sum_sum_ms=2.103 bucket_sum_max_chunk_ms=0.601 inner_elapsed_ms=1.284
BELLMAN_MSM_PROFILE call_id=3 exponent_count=6 density_map_size=None window=3 elapsed_ms=1.684
BELLMAN_MSM_STAGE_PROFILE call_id=7 chunks=85 exponent_chunking_ms=0.005 bucket_alloc_sum_ms=0.049 bucket_alloc_max_chunk_ms=0.020 bucket_fill_sum_ms=0.117 bucket_fill_max_chunk_ms=0.018 bucket_sum_sum_ms=2.813 bucket_sum_max_chunk_ms=0.067 inner_elapsed_ms=1.490
BELLMAN_MSM_PROFILE call_id=7 exponent_count=6 density_map_size=Some(6) window=3 elapsed_ms=1.840
BELLMAN_MSM_STAGE_PROFILE call_id=6 chunks=29 exponent_chunking_ms=3.262 bucket_alloc_sum_ms=0.143 bucket_alloc_max_chunk_ms=0.045 bucket_fill_sum_ms=70.178 bucket_fill_max_chunk_ms=3.567 bucket_sum_sum_ms=28.732 bucket_sum_max_chunk_ms=1.473 inner_elapsed_ms=56.022
BELLMAN_MSM_STAGE_PROFILE call_id=1 chunks=26 exponent_chunking_ms=4.614 bucket_alloc_sum_ms=0.617 bucket_alloc_max_chunk_ms=0.069 bucket_fill_sum_ms=202.794 bucket_fill_max_chunk_ms=10.045 bucket_sum_sum_ms=52.978 bucket_sum_max_chunk_ms=3.128 inner_elapsed_ms=56.590
BELLMAN_MSM_STAGE_PROFILE call_id=4 chunks=29 exponent_chunking_ms=3.618 bucket_alloc_sum_ms=0.238 bucket_alloc_max_chunk_ms=0.062 bucket_fill_sum_ms=106.385 bucket_fill_max_chunk_ms=5.072 bucket_sum_sum_ms=33.469 bucket_sum_max_chunk_ms=1.548 inner_elapsed_ms=56.529
BELLMAN_MSM_STAGE_PROFILE call_id=8 chunks=29 exponent_chunking_ms=3.832 bucket_alloc_sum_ms=0.528 bucket_alloc_max_chunk_ms=0.067 bucket_fill_sum_ms=230.123 bucket_fill_max_chunk_ms=12.658 bucket_sum_sum_ms=88.058 bucket_sum_max_chunk_ms=4.332 inner_elapsed_ms=56.893
BELLMAN_MSM_PROFILE call_id=6 exponent_count=7821 density_map_size=Some(7821) window=9 elapsed_ms=56.930
BELLMAN_MSM_STAGE_PROFILE call_id=2 chunks=29 exponent_chunking_ms=2.807 bucket_alloc_sum_ms=1.066 bucket_alloc_max_chunk_ms=0.244 bucket_fill_sum_ms=132.182 bucket_fill_max_chunk_ms=6.552 bucket_sum_sum_ms=32.941 bucket_sum_max_chunk_ms=1.488 inner_elapsed_ms=56.972
BELLMAN_MSM_PROFILE call_id=1 exponent_count=8191 density_map_size=None window=10 elapsed_ms=58.135
BELLMAN_MSM_PROFILE call_id=2 exponent_count=7821 density_map_size=None window=9 elapsed_ms=58.115
BELLMAN_MSM_PROFILE call_id=8 exponent_count=7821 density_map_size=Some(7821) window=9 elapsed_ms=58.470
BELLMAN_MSM_PROFILE call_id=4 exponent_count=7821 density_map_size=Some(7821) window=9 elapsed_ms=58.638
G16_PROFILE stage=post_dispatch_wait_assembly elapsed_ms=59.201
run=1, prove_ms=126.785, verify_ms=2.185, proof_bytes=192, verified=true
G16_PROFILE stage=circuit_synthesis elapsed_ms=13.534
G16_PROFILE stage=qap_fft_quotient elapsed_ms=11.907
G16_PROFILE stage=h_msm_submit elapsed_ms=0.010
G16_PROFILE stage=assignment_conversion elapsed_ms=0.416
G16_PROFILE stage=msm_setup_submit elapsed_ms=0.472
BELLMAN_MSM_STAGE_PROFILE call_id=13 chunks=85 exponent_chunking_ms=0.011 bucket_alloc_sum_ms=0.289 bucket_alloc_max_chunk_ms=0.237 bucket_fill_sum_ms=0.028 bucket_fill_max_chunk_ms=0.005 bucket_sum_sum_ms=1.427 bucket_sum_max_chunk_ms=0.046 inner_elapsed_ms=1.608
BELLMAN_MSM_STAGE_PROFILE call_id=11 chunks=85 exponent_chunking_ms=0.005 bucket_alloc_sum_ms=0.037 bucket_alloc_max_chunk_ms=0.007 bucket_fill_sum_ms=0.425 bucket_fill_max_chunk_ms=0.021 bucket_sum_sum_ms=1.232 bucket_sum_max_chunk_ms=0.022 inner_elapsed_ms=1.699
BELLMAN_MSM_PROFILE call_id=11 exponent_count=6 density_map_size=None window=3 elapsed_ms=1.891
BELLMAN_MSM_PROFILE call_id=13 exponent_count=6 density_map_size=Some(6) window=3 elapsed_ms=1.740
BELLMAN_MSM_STAGE_PROFILE call_id=15 chunks=85 exponent_chunking_ms=0.007 bucket_alloc_sum_ms=3.361 bucket_alloc_max_chunk_ms=0.670 bucket_fill_sum_ms=0.062 bucket_fill_max_chunk_ms=0.021 bucket_sum_sum_ms=3.564 bucket_sum_max_chunk_ms=0.061 inner_elapsed_ms=2.074
BELLMAN_MSM_PROFILE call_id=15 exponent_count=6 density_map_size=Some(6) window=3 elapsed_ms=2.215
BELLMAN_MSM_STAGE_PROFILE call_id=9 chunks=26 exponent_chunking_ms=3.980 bucket_alloc_sum_ms=0.754 bucket_alloc_max_chunk_ms=0.188 bucket_fill_sum_ms=218.538 bucket_fill_max_chunk_ms=10.641 bucket_sum_sum_ms=57.813 bucket_sum_max_chunk_ms=2.995 inner_elapsed_ms=60.789
BELLMAN_MSM_STAGE_PROFILE call_id=10 chunks=29 exponent_chunking_ms=4.222 bucket_alloc_sum_ms=0.174 bucket_alloc_max_chunk_ms=0.044 bucket_fill_sum_ms=159.205 bucket_fill_max_chunk_ms=6.871 bucket_sum_sum_ms=33.895 bucket_sum_max_chunk_ms=1.616 inner_elapsed_ms=60.319
BELLMAN_MSM_STAGE_PROFILE call_id=12 chunks=29 exponent_chunking_ms=3.541 bucket_alloc_sum_ms=0.179 bucket_alloc_max_chunk_ms=0.075 bucket_fill_sum_ms=110.342 bucket_fill_max_chunk_ms=5.360 bucket_sum_sum_ms=33.372 bucket_sum_max_chunk_ms=1.486 inner_elapsed_ms=60.351
BELLMAN_MSM_STAGE_PROFILE call_id=14 chunks=29 exponent_chunking_ms=3.300 bucket_alloc_sum_ms=3.700 bucket_alloc_max_chunk_ms=0.416 bucket_fill_sum_ms=89.971 bucket_fill_max_chunk_ms=4.296 bucket_sum_sum_ms=38.482 bucket_sum_max_chunk_ms=1.924 inner_elapsed_ms=60.453
BELLMAN_MSM_STAGE_PROFILE call_id=16 chunks=29 exponent_chunking_ms=4.393 bucket_alloc_sum_ms=0.429 bucket_alloc_max_chunk_ms=0.077 bucket_fill_sum_ms=213.431 bucket_fill_max_chunk_ms=11.653 bucket_sum_sum_ms=85.081 bucket_sum_max_chunk_ms=4.192 inner_elapsed_ms=60.875
BELLMAN_MSM_PROFILE call_id=9 exponent_count=8191 density_map_size=None window=10 elapsed_ms=61.732
BELLMAN_MSM_PROFILE call_id=10 exponent_count=7821 density_map_size=None window=9 elapsed_ms=61.491
BELLMAN_MSM_PROFILE call_id=16 exponent_count=7821 density_map_size=Some(7821) window=9 elapsed_ms=62.016
BELLMAN_MSM_PROFILE call_id=12 exponent_count=7821 density_map_size=Some(7821) window=9 elapsed_ms=62.028
BELLMAN_MSM_PROFILE call_id=14 exponent_count=7821 density_map_size=Some(7821) window=9 elapsed_ms=62.290
G16_PROFILE stage=post_dispatch_wait_assembly elapsed_ms=62.891
run=2, prove_ms=88.915, verify_ms=2.428, proof_bytes=192, verified=true
G16_PROFILE stage=circuit_synthesis elapsed_ms=14.735
G16_PROFILE stage=qap_fft_quotient elapsed_ms=11.355
G16_PROFILE stage=h_msm_submit elapsed_ms=0.009
G16_PROFILE stage=assignment_conversion elapsed_ms=0.360
G16_PROFILE stage=msm_setup_submit elapsed_ms=0.404
BELLMAN_MSM_STAGE_PROFILE call_id=19 chunks=85 exponent_chunking_ms=0.028 bucket_alloc_sum_ms=0.019 bucket_alloc_max_chunk_ms=0.002 bucket_fill_sum_ms=0.388 bucket_fill_max_chunk_ms=0.022 bucket_sum_sum_ms=1.251 bucket_sum_max_chunk_ms=0.019 inner_elapsed_ms=0.889
BELLMAN_MSM_PROFILE call_id=19 exponent_count=6 density_map_size=None window=3 elapsed_ms=1.024
BELLMAN_MSM_STAGE_PROFILE call_id=21 chunks=85 exponent_chunking_ms=0.006 bucket_alloc_sum_ms=0.022 bucket_alloc_max_chunk_ms=0.004 bucket_fill_sum_ms=0.034 bucket_fill_max_chunk_ms=0.019 bucket_sum_sum_ms=1.329 bucket_sum_max_chunk_ms=0.029 inner_elapsed_ms=1.039
BELLMAN_MSM_PROFILE call_id=21 exponent_count=6 density_map_size=Some(6) window=3 elapsed_ms=1.196
BELLMAN_MSM_STAGE_PROFILE call_id=23 chunks=85 exponent_chunking_ms=0.006 bucket_alloc_sum_ms=0.082 bucket_alloc_max_chunk_ms=0.018 bucket_fill_sum_ms=0.025 bucket_fill_max_chunk_ms=0.004 bucket_sum_sum_ms=3.658 bucket_sum_max_chunk_ms=0.068 inner_elapsed_ms=1.290
BELLMAN_MSM_PROFILE call_id=23 exponent_count=6 density_map_size=Some(6) window=3 elapsed_ms=1.444
BELLMAN_MSM_STAGE_PROFILE call_id=22 chunks=29 exponent_chunking_ms=3.501 bucket_alloc_sum_ms=0.144 bucket_alloc_max_chunk_ms=0.034 bucket_fill_sum_ms=86.957 bucket_fill_max_chunk_ms=4.860 bucket_sum_sum_ms=35.801 bucket_sum_max_chunk_ms=1.482 inner_elapsed_ms=54.889
BELLMAN_MSM_PROFILE call_id=22 exponent_count=7821 density_map_size=Some(7821) window=9 elapsed_ms=55.644
BELLMAN_MSM_STAGE_PROFILE call_id=20 chunks=29 exponent_chunking_ms=3.599 bucket_alloc_sum_ms=0.150 bucket_alloc_max_chunk_ms=0.032 bucket_fill_sum_ms=111.523 bucket_fill_max_chunk_ms=6.148 bucket_sum_sum_ms=35.525 bucket_sum_max_chunk_ms=1.537 inner_elapsed_ms=56.894
BELLMAN_MSM_STAGE_PROFILE call_id=18 chunks=29 exponent_chunking_ms=2.698 bucket_alloc_sum_ms=2.452 bucket_alloc_max_chunk_ms=0.333 bucket_fill_sum_ms=129.194 bucket_fill_max_chunk_ms=6.633 bucket_sum_sum_ms=30.244 bucket_sum_max_chunk_ms=1.538 inner_elapsed_ms=57.487
BELLMAN_MSM_PROFILE call_id=20 exponent_count=7821 density_map_size=Some(7821) window=9 elapsed_ms=57.601
BELLMAN_MSM_STAGE_PROFILE call_id=17 chunks=26 exponent_chunking_ms=5.156 bucket_alloc_sum_ms=0.685 bucket_alloc_max_chunk_ms=0.124 bucket_fill_sum_ms=203.540 bucket_fill_max_chunk_ms=10.758 bucket_sum_sum_ms=53.225 bucket_sum_max_chunk_ms=2.964 inner_elapsed_ms=58.166
BELLMAN_MSM_STAGE_PROFILE call_id=24 chunks=29 exponent_chunking_ms=3.114 bucket_alloc_sum_ms=0.749 bucket_alloc_max_chunk_ms=0.111 bucket_fill_sum_ms=234.110 bucket_fill_max_chunk_ms=11.569 bucket_sum_sum_ms=88.461 bucket_sum_max_chunk_ms=4.229 inner_elapsed_ms=57.739
BELLMAN_MSM_PROFILE call_id=18 exponent_count=7821 density_map_size=None window=9 elapsed_ms=58.119
BELLMAN_MSM_PROFILE call_id=17 exponent_count=8191 density_map_size=None window=10 elapsed_ms=59.177
BELLMAN_MSM_PROFILE call_id=24 exponent_count=7821 density_map_size=Some(7821) window=9 elapsed_ms=58.847
G16_PROFILE stage=post_dispatch_wait_assembly elapsed_ms=59.276
run=3, prove_ms=85.891, verify_ms=2.450, proof_bytes=192, verified=true
G16_PROFILE stage=circuit_synthesis elapsed_ms=14.578
G16_PROFILE stage=qap_fft_quotient elapsed_ms=10.561
G16_PROFILE stage=h_msm_submit elapsed_ms=0.013
G16_PROFILE stage=assignment_conversion elapsed_ms=0.412
G16_PROFILE stage=msm_setup_submit elapsed_ms=0.509
BELLMAN_MSM_STAGE_PROFILE call_id=31 chunks=85 exponent_chunking_ms=0.006 bucket_alloc_sum_ms=0.055 bucket_alloc_max_chunk_ms=0.011 bucket_fill_sum_ms=0.022 bucket_fill_max_chunk_ms=0.005 bucket_sum_sum_ms=4.162 bucket_sum_max_chunk_ms=0.088 inner_elapsed_ms=1.190
BELLMAN_MSM_PROFILE call_id=31 exponent_count=6 density_map_size=Some(6) window=3 elapsed_ms=1.351
BELLMAN_MSM_STAGE_PROFILE call_id=29 chunks=85 exponent_chunking_ms=0.017 bucket_alloc_sum_ms=0.022 bucket_alloc_max_chunk_ms=0.002 bucket_fill_sum_ms=0.026 bucket_fill_max_chunk_ms=0.002 bucket_sum_sum_ms=1.668 bucket_sum_max_chunk_ms=0.044 inner_elapsed_ms=1.997
BELLMAN_MSM_PROFILE call_id=29 exponent_count=6 density_map_size=Some(6) window=3 elapsed_ms=2.105
BELLMAN_MSM_STAGE_PROFILE call_id=28 chunks=29 exponent_chunking_ms=3.373 bucket_alloc_sum_ms=0.178 bucket_alloc_max_chunk_ms=0.030 bucket_fill_sum_ms=121.526 bucket_fill_max_chunk_ms=5.681 bucket_sum_sum_ms=39.794 bucket_sum_max_chunk_ms=2.464 inner_elapsed_ms=68.889
BELLMAN_MSM_STAGE_PROFILE call_id=30 chunks=29 exponent_chunking_ms=3.308 bucket_alloc_sum_ms=0.161 bucket_alloc_max_chunk_ms=0.033 bucket_fill_sum_ms=95.438 bucket_fill_max_chunk_ms=4.358 bucket_sum_sum_ms=39.422 bucket_sum_max_chunk_ms=3.513 inner_elapsed_ms=68.951
BELLMAN_MSM_PROFILE call_id=28 exponent_count=7821 density_map_size=Some(7821) window=9 elapsed_ms=69.599
BELLMAN_MSM_STAGE_PROFILE call_id=25 chunks=26 exponent_chunking_ms=5.229 bucket_alloc_sum_ms=0.631 bucket_alloc_max_chunk_ms=0.078 bucket_fill_sum_ms=266.205 bucket_fill_max_chunk_ms=12.894 bucket_sum_sum_ms=66.914 bucket_sum_max_chunk_ms=3.388 inner_elapsed_ms=70.484
BELLMAN_MSM_PROFILE call_id=30 exponent_count=7821 density_map_size=Some(7821) window=9 elapsed_ms=70.199
BELLMAN_MSM_STAGE_PROFILE call_id=26 chunks=29 exponent_chunking_ms=2.775 bucket_alloc_sum_ms=3.153 bucket_alloc_max_chunk_ms=0.348 bucket_fill_sum_ms=161.245 bucket_fill_max_chunk_ms=14.521 bucket_sum_sum_ms=35.652 bucket_sum_max_chunk_ms=1.551 inner_elapsed_ms=70.521
BELLMAN_MSM_STAGE_PROFILE call_id=32 chunks=29 exponent_chunking_ms=3.602 bucket_alloc_sum_ms=0.563 bucket_alloc_max_chunk_ms=0.066 bucket_fill_sum_ms=262.473 bucket_fill_max_chunk_ms=12.591 bucket_sum_sum_ms=118.600 bucket_sum_max_chunk_ms=7.299 inner_elapsed_ms=70.496
BELLMAN_MSM_PROFILE call_id=25 exponent_count=8191 density_map_size=None window=10 elapsed_ms=71.648
BELLMAN_MSM_PROFILE call_id=26 exponent_count=7821 density_map_size=None window=9 elapsed_ms=71.604
BELLMAN_MSM_PROFILE call_id=32 exponent_count=7821 density_map_size=Some(7821) window=9 elapsed_ms=71.324
BELLMAN_MSM_STAGE_PROFILE call_id=27 chunks=85 exponent_chunking_ms=0.007 bucket_alloc_sum_ms=0.119 bucket_alloc_max_chunk_ms=0.051 bucket_fill_sum_ms=0.437 bucket_fill_max_chunk_ms=0.022 bucket_sum_sum_ms=1.534 bucket_sum_max_chunk_ms=0.071 inner_elapsed_ms=71.859
BELLMAN_MSM_PROFILE call_id=27 exponent_count=6 density_map_size=None window=3 elapsed_ms=71.946
G16_PROFILE stage=post_dispatch_wait_assembly elapsed_ms=72.591
run=4, prove_ms=98.377, verify_ms=2.607, proof_bytes=192, verified=true
G16_PROFILE stage=circuit_synthesis elapsed_ms=16.872
G16_PROFILE stage=qap_fft_quotient elapsed_ms=10.622
G16_PROFILE stage=h_msm_submit elapsed_ms=0.004
G16_PROFILE stage=assignment_conversion elapsed_ms=0.364
G16_PROFILE stage=msm_setup_submit elapsed_ms=0.390
BELLMAN_MSM_STAGE_PROFILE call_id=35 chunks=85 exponent_chunking_ms=0.035 bucket_alloc_sum_ms=0.014 bucket_alloc_max_chunk_ms=0.001 bucket_fill_sum_ms=0.405 bucket_fill_max_chunk_ms=0.006 bucket_sum_sum_ms=1.419 bucket_sum_max_chunk_ms=0.029 inner_elapsed_ms=1.022
BELLMAN_MSM_PROFILE call_id=35 exponent_count=6 density_map_size=None window=3 elapsed_ms=1.161
BELLMAN_MSM_STAGE_PROFILE call_id=37 chunks=85 exponent_chunking_ms=0.025 bucket_alloc_sum_ms=0.026 bucket_alloc_max_chunk_ms=0.002 bucket_fill_sum_ms=0.025 bucket_fill_max_chunk_ms=0.003 bucket_sum_sum_ms=1.450 bucket_sum_max_chunk_ms=0.025 inner_elapsed_ms=1.163
BELLMAN_MSM_PROFILE call_id=37 exponent_count=6 density_map_size=Some(6) window=3 elapsed_ms=1.337
BELLMAN_MSM_STAGE_PROFILE call_id=39 chunks=85 exponent_chunking_ms=0.039 bucket_alloc_sum_ms=0.026 bucket_alloc_max_chunk_ms=0.001 bucket_fill_sum_ms=0.021 bucket_fill_max_chunk_ms=0.005 bucket_sum_sum_ms=4.148 bucket_sum_max_chunk_ms=0.062 inner_elapsed_ms=1.690
BELLMAN_MSM_PROFILE call_id=39 exponent_count=6 density_map_size=Some(6) window=3 elapsed_ms=1.838
BELLMAN_MSM_STAGE_PROFILE call_id=33 chunks=26 exponent_chunking_ms=4.608 bucket_alloc_sum_ms=0.570 bucket_alloc_max_chunk_ms=0.063 bucket_fill_sum_ms=210.997 bucket_fill_max_chunk_ms=10.863 bucket_sum_sum_ms=58.604 bucket_sum_max_chunk_ms=2.994 inner_elapsed_ms=58.074
BELLMAN_MSM_STAGE_PROFILE call_id=34 chunks=29 exponent_chunking_ms=2.620 bucket_alloc_sum_ms=0.211 bucket_alloc_max_chunk_ms=0.106 bucket_fill_sum_ms=147.886 bucket_fill_max_chunk_ms=6.407 bucket_sum_sum_ms=33.029 bucket_sum_max_chunk_ms=1.517 inner_elapsed_ms=57.952
BELLMAN_MSM_STAGE_PROFILE call_id=36 chunks=29 exponent_chunking_ms=2.455 bucket_alloc_sum_ms=2.408 bucket_alloc_max_chunk_ms=0.251 bucket_fill_sum_ms=117.261 bucket_fill_max_chunk_ms=5.637 bucket_sum_sum_ms=36.759 bucket_sum_max_chunk_ms=1.543 inner_elapsed_ms=58.032
BELLMAN_MSM_STAGE_PROFILE call_id=38 chunks=29 exponent_chunking_ms=3.089 bucket_alloc_sum_ms=0.130 bucket_alloc_max_chunk_ms=0.031 bucket_fill_sum_ms=80.906 bucket_fill_max_chunk_ms=4.609 bucket_sum_sum_ms=33.014 bucket_sum_max_chunk_ms=1.519 inner_elapsed_ms=58.053
BELLMAN_MSM_PROFILE call_id=33 exponent_count=8191 density_map_size=None window=10 elapsed_ms=58.615
BELLMAN_MSM_STAGE_PROFILE call_id=40 chunks=29 exponent_chunking_ms=3.167 bucket_alloc_sum_ms=0.631 bucket_alloc_max_chunk_ms=0.112 bucket_fill_sum_ms=215.268 bucket_fill_max_chunk_ms=9.856 bucket_sum_sum_ms=84.146 bucket_sum_max_chunk_ms=4.264 inner_elapsed_ms=58.630
BELLMAN_MSM_PROFILE call_id=36 exponent_count=7821 density_map_size=Some(7821) window=9 elapsed_ms=59.090
BELLMAN_MSM_PROFILE call_id=34 exponent_count=7821 density_map_size=None window=9 elapsed_ms=59.141
BELLMAN_MSM_PROFILE call_id=38 exponent_count=7821 density_map_size=Some(7821) window=9 elapsed_ms=59.339
BELLMAN_MSM_PROFILE call_id=40 exponent_count=7821 density_map_size=Some(7821) window=9 elapsed_ms=59.492
G16_PROFILE stage=post_dispatch_wait_assembly elapsed_ms=59.953
run=5, prove_ms=87.926, verify_ms=2.556, proof_bytes=192, verified=true
CSV_PATH=experiments/raw/csv/sapling_output_prover_runs_release.csv
OUTPUT_PROOF_EXPERIMENT=PASS
