    Finished `release` profile [optimized] target(s) in 0.09s
     Running `D:\Research\zcash-sapling-engineering-msm-profile\experiments\prover-smoke\target\release\spend_prover_smoke.exe`
params_read_validate_ms=44938.702
prepare_vk_ms=0.983
input_prep_ms=13.661
BELLMAN_MSM_SUBMIT_PROFILE call_id=1 submit_elapsed_ms=0.022
BELLMAN_MSM_SUBMIT_PROFILE call_id=2 submit_elapsed_ms=0.006
BELLMAN_MSM_SUBMIT_PROFILE call_id=3 submit_elapsed_ms=0.001
BELLMAN_MSM_SUBMIT_PROFILE call_id=4 submit_elapsed_ms=0.004
BELLMAN_MSM_SUBMIT_PROFILE call_id=5 submit_elapsed_ms=0.022
BELLMAN_MSM_SUBMIT_PROFILE call_id=6 submit_elapsed_ms=0.000
BELLMAN_MSM_SUBMIT_PROFILE call_id=7 submit_elapsed_ms=0.011
BELLMAN_MSM_SUBMIT_PROFILE call_id=8 submit_elapsed_ms=0.003
BELLMAN_MSM_PROFILE call_id=7 exponent_count=8 density_map_size=Some(8) window=3 task_start_delay_ms=0.437 elapsed_ms=1.298
BELLMAN_MSM_PROFILE call_id=6 exponent_count=98638 density_map_size=Some(98638) window=12 task_start_delay_ms=0.232 elapsed_ms=281.590
BELLMAN_MSM_PROFILE call_id=2 exponent_count=98638 density_map_size=None window=12 task_start_delay_ms=0.017 elapsed_ms=506.343
BELLMAN_MSM_PROFILE call_id=4 exponent_count=98638 density_map_size=Some(98638) window=12 task_start_delay_ms=0.016 elapsed_ms=512.337
BELLMAN_MSM_PROFILE call_id=8 exponent_count=98638 density_map_size=Some(98638) window=12 task_start_delay_ms=0.420 elapsed_ms=513.880
BELLMAN_MSM_PROFILE call_id=5 exponent_count=8 density_map_size=Some(8) window=3 task_start_delay_ms=0.261 elapsed_ms=514.368
BELLMAN_MSM_PROFILE call_id=3 exponent_count=8 density_map_size=None window=3 task_start_delay_ms=0.007 elapsed_ms=514.954
BELLMAN_MSM_PROFILE call_id=1 exponent_count=131071 density_map_size=None window=12 task_start_delay_ms=0.050 elapsed_ms=519.533
run=1, prove_ms=804.906, verify_ms=3.364, proof_bytes=192, verified=true
BELLMAN_MSM_SUBMIT_PROFILE call_id=9 submit_elapsed_ms=0.006
BELLMAN_MSM_SUBMIT_PROFILE call_id=10 submit_elapsed_ms=0.005
BELLMAN_MSM_SUBMIT_PROFILE call_id=11 submit_elapsed_ms=0.002
BELLMAN_MSM_SUBMIT_PROFILE call_id=12 submit_elapsed_ms=0.003
BELLMAN_MSM_SUBMIT_PROFILE call_id=13 submit_elapsed_ms=0.003
BELLMAN_MSM_SUBMIT_PROFILE call_id=14 submit_elapsed_ms=0.003
BELLMAN_MSM_SUBMIT_PROFILE call_id=15 submit_elapsed_ms=0.068
BELLMAN_MSM_SUBMIT_PROFILE call_id=16 submit_elapsed_ms=0.001
BELLMAN_MSM_PROFILE call_id=14 exponent_count=98638 density_map_size=Some(98638) window=12 task_start_delay_ms=0.046 elapsed_ms=249.343
BELLMAN_MSM_PROFILE call_id=12 exponent_count=98638 density_map_size=Some(98638) window=12 task_start_delay_ms=0.113 elapsed_ms=478.004
BELLMAN_MSM_PROFILE call_id=10 exponent_count=98638 density_map_size=None window=12 task_start_delay_ms=0.108 elapsed_ms=478.329
BELLMAN_MSM_PROFILE call_id=16 exponent_count=98638 density_map_size=Some(98638) window=12 task_start_delay_ms=1.166 elapsed_ms=477.816
BELLMAN_MSM_PROFILE call_id=11 exponent_count=8 density_map_size=None window=3 task_start_delay_ms=0.114 elapsed_ms=479.501
BELLMAN_MSM_PROFILE call_id=13 exponent_count=8 density_map_size=Some(8) window=3 task_start_delay_ms=0.282 elapsed_ms=479.392
BELLMAN_MSM_PROFILE call_id=15 exponent_count=8 density_map_size=Some(8) window=3 task_start_delay_ms=0.046 elapsed_ms=479.794
BELLMAN_MSM_PROFILE call_id=9 exponent_count=131071 density_map_size=None window=12 task_start_delay_ms=0.021 elapsed_ms=483.928
run=2, prove_ms=702.629, verify_ms=2.997, proof_bytes=192, verified=true
BELLMAN_MSM_SUBMIT_PROFILE call_id=17 submit_elapsed_ms=0.005
BELLMAN_MSM_SUBMIT_PROFILE call_id=18 submit_elapsed_ms=0.003
BELLMAN_MSM_SUBMIT_PROFILE call_id=19 submit_elapsed_ms=0.002
BELLMAN_MSM_SUBMIT_PROFILE call_id=20 submit_elapsed_ms=0.004
BELLMAN_MSM_SUBMIT_PROFILE call_id=21 submit_elapsed_ms=0.006
BELLMAN_MSM_SUBMIT_PROFILE call_id=22 submit_elapsed_ms=0.003
BELLMAN_MSM_SUBMIT_PROFILE call_id=23 submit_elapsed_ms=0.163
BELLMAN_MSM_SUBMIT_PROFILE call_id=24 submit_elapsed_ms=0.001
BELLMAN_MSM_PROFILE call_id=21 exponent_count=8 density_map_size=Some(8) window=3 task_start_delay_ms=0.278 elapsed_ms=0.531
BELLMAN_MSM_PROFILE call_id=23 exponent_count=8 density_map_size=Some(8) window=3 task_start_delay_ms=0.254 elapsed_ms=1.552
BELLMAN_MSM_PROFILE call_id=20 exponent_count=98638 density_map_size=Some(98638) window=12 task_start_delay_ms=0.040 elapsed_ms=462.585
BELLMAN_MSM_PROFILE call_id=18 exponent_count=98638 density_map_size=None window=12 task_start_delay_ms=0.045 elapsed_ms=463.161
BELLMAN_MSM_PROFILE call_id=22 exponent_count=98638 density_map_size=Some(98638) window=12 task_start_delay_ms=0.264 elapsed_ms=463.176
BELLMAN_MSM_PROFILE call_id=24 exponent_count=98638 density_map_size=Some(98638) window=12 task_start_delay_ms=0.070 elapsed_ms=464.050
BELLMAN_MSM_PROFILE call_id=19 exponent_count=8 density_map_size=None window=3 task_start_delay_ms=0.052 elapsed_ms=464.832
BELLMAN_MSM_PROFILE call_id=17 exponent_count=131071 density_map_size=None window=12 task_start_delay_ms=0.045 elapsed_ms=468.154
run=3, prove_ms=673.952, verify_ms=2.915, proof_bytes=192, verified=true
BELLMAN_MSM_SUBMIT_PROFILE call_id=25 submit_elapsed_ms=0.005
BELLMAN_MSM_SUBMIT_PROFILE call_id=26 submit_elapsed_ms=0.004
BELLMAN_MSM_SUBMIT_PROFILE call_id=27 submit_elapsed_ms=0.001
BELLMAN_MSM_SUBMIT_PROFILE call_id=28 submit_elapsed_ms=0.003
BELLMAN_MSM_SUBMIT_PROFILE call_id=29 submit_elapsed_ms=0.003
BELLMAN_MSM_SUBMIT_PROFILE call_id=30 submit_elapsed_ms=0.001
BELLMAN_MSM_SUBMIT_PROFILE call_id=31 submit_elapsed_ms=0.001
BELLMAN_MSM_SUBMIT_PROFILE call_id=32 submit_elapsed_ms=0.000
BELLMAN_MSM_PROFILE call_id=29 exponent_count=8 density_map_size=Some(8) window=3 task_start_delay_ms=0.337 elapsed_ms=1.324
BELLMAN_MSM_PROFILE call_id=31 exponent_count=8 density_map_size=Some(8) window=3 task_start_delay_ms=0.326 elapsed_ms=1.752
BELLMAN_MSM_PROFILE call_id=26 exponent_count=98638 density_map_size=None window=12 task_start_delay_ms=0.014 elapsed_ms=470.193
BELLMAN_MSM_PROFILE call_id=28 exponent_count=98638 density_map_size=Some(98638) window=12 task_start_delay_ms=0.031 elapsed_ms=470.447
BELLMAN_MSM_PROFILE call_id=30 exponent_count=98638 density_map_size=Some(98638) window=12 task_start_delay_ms=0.331 elapsed_ms=470.497
BELLMAN_MSM_PROFILE call_id=32 exponent_count=98638 density_map_size=Some(98638) window=12 task_start_delay_ms=0.320 elapsed_ms=471.176
BELLMAN_MSM_PROFILE call_id=27 exponent_count=8 density_map_size=None window=3 task_start_delay_ms=0.039 elapsed_ms=471.943
BELLMAN_MSM_PROFILE call_id=25 exponent_count=131071 density_map_size=None window=12 task_start_delay_ms=0.013 elapsed_ms=476.932
run=4, prove_ms=683.375, verify_ms=3.035, proof_bytes=192, verified=true
BELLMAN_MSM_SUBMIT_PROFILE call_id=33 submit_elapsed_ms=0.004
BELLMAN_MSM_SUBMIT_PROFILE call_id=34 submit_elapsed_ms=0.003
BELLMAN_MSM_SUBMIT_PROFILE call_id=35 submit_elapsed_ms=0.002
BELLMAN_MSM_SUBMIT_PROFILE call_id=36 submit_elapsed_ms=0.003
BELLMAN_MSM_SUBMIT_PROFILE call_id=37 submit_elapsed_ms=0.002
BELLMAN_MSM_SUBMIT_PROFILE call_id=38 submit_elapsed_ms=0.010
BELLMAN_MSM_SUBMIT_PROFILE call_id=39 submit_elapsed_ms=0.001
BELLMAN_MSM_SUBMIT_PROFILE call_id=40 submit_elapsed_ms=0.000
BELLMAN_MSM_PROFILE call_id=37 exponent_count=8 density_map_size=Some(8) window=3 task_start_delay_ms=0.333 elapsed_ms=1.506
BELLMAN_MSM_PROFILE call_id=39 exponent_count=8 density_map_size=Some(8) window=3 task_start_delay_ms=0.303 elapsed_ms=1.700
BELLMAN_MSM_PROFILE call_id=36 exponent_count=98638 density_map_size=Some(98638) window=12 task_start_delay_ms=0.338 elapsed_ms=345.440
BELLMAN_MSM_PROFILE call_id=38 exponent_count=98638 density_map_size=Some(98638) window=12 task_start_delay_ms=0.322 elapsed_ms=439.331
BELLMAN_MSM_PROFILE call_id=40 exponent_count=98638 density_map_size=Some(98638) window=12 task_start_delay_ms=0.315 elapsed_ms=440.444
BELLMAN_MSM_PROFILE call_id=34 exponent_count=98638 density_map_size=None window=12 task_start_delay_ms=0.067 elapsed_ms=454.026
BELLMAN_MSM_PROFILE call_id=35 exponent_count=8 density_map_size=None window=3 task_start_delay_ms=0.050 elapsed_ms=478.215
BELLMAN_MSM_PROFILE call_id=33 exponent_count=131071 density_map_size=None window=12 task_start_delay_ms=0.123 elapsed_ms=484.860
run=5, prove_ms=687.381, verify_ms=3.125, proof_bytes=192, verified=true
batch_id=1791634682281
CSV_PATH=D:\Research\zcash-sapling-engineering-msm-profile\experiments\prover-smoke\../../experiments/raw/csv\sapling_spend_prover_runs_release.csv
SPEND_PROOF_EXPERIMENT=PASS
