   Compiling bellman v0.15.0 (D:\Research\zcash-sapling-engineering-msm-profile\vendor\bellman)
   Compiling groth16 v0.2.0 (D:\Research\zcash-sapling-engineering-msm-profile\vendor\groth16)
   Compiling sapling-crypto v0.9.0 (D:\Research\zcash-sapling-crypto)
   Compiling sapling-output-smoke v0.1.0 (D:\Research\zcash-sapling-engineering-msm-profile\experiments\prover-smoke)
    Finished `release` profile [optimized] target(s) in 5.14s
     Running `D:\Research\zcash-sapling-engineering-msm-profile\experiments\prover-smoke\target\release\spend_prover_smoke.exe`
params_read_validate_ms=43549.535
prepare_vk_ms=1.992
input_prep_ms=31.236
BELLMAN_MSM_SUBMIT_PROFILE call_id=1 submit_elapsed_ms=3.442
BELLMAN_MSM_SUBMIT_PROFILE call_id=2 submit_elapsed_ms=0.006
BELLMAN_MSM_SUBMIT_PROFILE call_id=3 submit_elapsed_ms=0.003
BELLMAN_MSM_SUBMIT_PROFILE call_id=4 submit_elapsed_ms=0.002
BELLMAN_MSM_SUBMIT_PROFILE call_id=5 submit_elapsed_ms=0.001
BELLMAN_MSM_PROFILE call_id=1 exponent_count=131071 density_map_size=None window=12 task_start_delay_ms=0.038 elapsed_ms=3428.788
BELLMAN_MSM_PROFILE call_id=2 exponent_count=98638 density_map_size=None window=12 task_start_delay_ms=3422.142 elapsed_ms=956.369
BELLMAN_MSM_PROFILE call_id=3 exponent_count=8 density_map_size=None window=3 task_start_delay_ms=4378.526 elapsed_ms=1.812
BELLMAN_MSM_PROFILE call_id=4 exponent_count=98638 density_map_size=Some(98638) window=12 task_start_delay_ms=4380.382 elapsed_ms=684.394
BELLMAN_MSM_PROFILE call_id=5 exponent_count=8 density_map_size=Some(8) window=3 task_start_delay_ms=5064.923 elapsed_ms=1.891
BELLMAN_MSM_PROFILE call_id=6 exponent_count=98638 density_map_size=Some(98638) window=12 task_start_delay_ms=5067.047 elapsed_ms=540.657
BELLMAN_MSM_SUBMIT_PROFILE call_id=6 submit_elapsed_ms=5607.894
BELLMAN_MSM_SUBMIT_PROFILE call_id=7 submit_elapsed_ms=0.009
BELLMAN_MSM_SUBMIT_PROFILE call_id=8 submit_elapsed_ms=0.003
BELLMAN_MSM_PROFILE call_id=7 exponent_count=8 density_map_size=Some(8) window=3 task_start_delay_ms=0.010 elapsed_ms=4.020
BELLMAN_MSM_PROFILE call_id=8 exponent_count=98638 density_map_size=Some(98638) window=12 task_start_delay_ms=4.098 elapsed_ms=1363.309
run=1, prove_ms=8020.464, verify_ms=5.281, proof_bytes=192, verified=true
BELLMAN_MSM_SUBMIT_PROFILE call_id=9 submit_elapsed_ms=2.334
BELLMAN_MSM_SUBMIT_PROFILE call_id=10 submit_elapsed_ms=0.002
BELLMAN_MSM_SUBMIT_PROFILE call_id=11 submit_elapsed_ms=0.001
BELLMAN_MSM_SUBMIT_PROFILE call_id=12 submit_elapsed_ms=0.001
BELLMAN_MSM_SUBMIT_PROFILE call_id=13 submit_elapsed_ms=0.002
BELLMAN_MSM_PROFILE call_id=9 exponent_count=131071 density_map_size=None window=12 task_start_delay_ms=0.026 elapsed_ms=3530.905
BELLMAN_MSM_PROFILE call_id=10 exponent_count=98638 density_map_size=None window=12 task_start_delay_ms=3525.811 elapsed_ms=967.133
BELLMAN_MSM_PROFILE call_id=11 exponent_count=8 density_map_size=None window=3 task_start_delay_ms=4493.014 elapsed_ms=1.808
BELLMAN_MSM_PROFILE call_id=12 exponent_count=98638 density_map_size=Some(98638) window=12 task_start_delay_ms=4494.872 elapsed_ms=675.651
BELLMAN_MSM_PROFILE call_id=13 exponent_count=8 density_map_size=Some(8) window=3 task_start_delay_ms=5170.659 elapsed_ms=1.448
BELLMAN_MSM_PROFILE call_id=14 exponent_count=98638 density_map_size=Some(98638) window=12 task_start_delay_ms=5172.179 elapsed_ms=507.662
BELLMAN_MSM_SUBMIT_PROFILE call_id=14 submit_elapsed_ms=5681.407
BELLMAN_MSM_SUBMIT_PROFILE call_id=15 submit_elapsed_ms=0.008
BELLMAN_MSM_SUBMIT_PROFILE call_id=16 submit_elapsed_ms=0.001
BELLMAN_MSM_PROFILE call_id=15 exponent_count=8 density_map_size=Some(8) window=3 task_start_delay_ms=0.097 elapsed_ms=4.384
BELLMAN_MSM_PROFILE call_id=16 exponent_count=98638 density_map_size=Some(98638) window=12 task_start_delay_ms=4.550 elapsed_ms=1317.713
run=2, prove_ms=7996.506, verify_ms=5.540, proof_bytes=192, verified=true
BELLMAN_MSM_SUBMIT_PROFILE call_id=17 submit_elapsed_ms=2.895
BELLMAN_MSM_SUBMIT_PROFILE call_id=18 submit_elapsed_ms=0.002
BELLMAN_MSM_SUBMIT_PROFILE call_id=19 submit_elapsed_ms=0.001
BELLMAN_MSM_SUBMIT_PROFILE call_id=20 submit_elapsed_ms=0.001
BELLMAN_MSM_SUBMIT_PROFILE call_id=21 submit_elapsed_ms=0.001
BELLMAN_MSM_PROFILE call_id=17 exponent_count=131071 density_map_size=None window=12 task_start_delay_ms=0.049 elapsed_ms=3612.294
BELLMAN_MSM_PROFILE call_id=18 exponent_count=98638 density_map_size=None window=12 task_start_delay_ms=3606.863 elapsed_ms=1049.294
BELLMAN_MSM_PROFILE call_id=19 exponent_count=8 density_map_size=None window=3 task_start_delay_ms=4658.476 elapsed_ms=2.774
BELLMAN_MSM_PROFILE call_id=20 exponent_count=98638 density_map_size=Some(98638) window=12 task_start_delay_ms=4661.336 elapsed_ms=695.026
BELLMAN_MSM_PROFILE call_id=21 exponent_count=8 density_map_size=Some(8) window=3 task_start_delay_ms=5356.504 elapsed_ms=1.773
BELLMAN_MSM_PROFILE call_id=22 exponent_count=98638 density_map_size=Some(98638) window=12 task_start_delay_ms=5358.355 elapsed_ms=503.524
BELLMAN_MSM_SUBMIT_PROFILE call_id=22 submit_elapsed_ms=5862.091
BELLMAN_MSM_SUBMIT_PROFILE call_id=23 submit_elapsed_ms=0.005
BELLMAN_MSM_SUBMIT_PROFILE call_id=24 submit_elapsed_ms=0.001
BELLMAN_MSM_PROFILE call_id=23 exponent_count=8 density_map_size=Some(8) window=3 task_start_delay_ms=0.105 elapsed_ms=4.118
BELLMAN_MSM_PROFILE call_id=24 exponent_count=98638 density_map_size=Some(98638) window=12 task_start_delay_ms=4.361 elapsed_ms=1369.037
run=3, prove_ms=8176.483, verify_ms=7.698, proof_bytes=192, verified=true
BELLMAN_MSM_SUBMIT_PROFILE call_id=25 submit_elapsed_ms=2.403
BELLMAN_MSM_SUBMIT_PROFILE call_id=26 submit_elapsed_ms=0.003
BELLMAN_MSM_SUBMIT_PROFILE call_id=27 submit_elapsed_ms=0.001
BELLMAN_MSM_SUBMIT_PROFILE call_id=28 submit_elapsed_ms=0.001
BELLMAN_MSM_SUBMIT_PROFILE call_id=29 submit_elapsed_ms=0.001
BELLMAN_MSM_PROFILE call_id=25 exponent_count=131071 density_map_size=None window=12 task_start_delay_ms=0.041 elapsed_ms=3637.322
BELLMAN_MSM_PROFILE call_id=26 exponent_count=98638 density_map_size=None window=12 task_start_delay_ms=3631.944 elapsed_ms=1068.530
BELLMAN_MSM_PROFILE call_id=27 exponent_count=8 density_map_size=None window=3 task_start_delay_ms=4700.858 elapsed_ms=1.842
BELLMAN_MSM_PROFILE call_id=28 exponent_count=98638 density_map_size=Some(98638) window=12 task_start_delay_ms=4702.778 elapsed_ms=680.353
BELLMAN_MSM_PROFILE call_id=29 exponent_count=8 density_map_size=Some(8) window=3 task_start_delay_ms=5383.180 elapsed_ms=1.440
BELLMAN_MSM_PROFILE call_id=30 exponent_count=98638 density_map_size=Some(98638) window=12 task_start_delay_ms=5384.655 elapsed_ms=486.944
BELLMAN_MSM_SUBMIT_PROFILE call_id=30 submit_elapsed_ms=5872.212
BELLMAN_MSM_SUBMIT_PROFILE call_id=31 submit_elapsed_ms=0.021
BELLMAN_MSM_SUBMIT_PROFILE call_id=32 submit_elapsed_ms=0.001
BELLMAN_MSM_PROFILE call_id=31 exponent_count=8 density_map_size=Some(8) window=3 task_start_delay_ms=0.102 elapsed_ms=3.947
BELLMAN_MSM_PROFILE call_id=32 exponent_count=98638 density_map_size=Some(98638) window=12 task_start_delay_ms=4.734 elapsed_ms=1276.256
run=4, prove_ms=8320.273, verify_ms=10.687, proof_bytes=192, verified=true
BELLMAN_MSM_SUBMIT_PROFILE call_id=33 submit_elapsed_ms=1.164
BELLMAN_MSM_SUBMIT_PROFILE call_id=34 submit_elapsed_ms=0.003
BELLMAN_MSM_SUBMIT_PROFILE call_id=35 submit_elapsed_ms=0.001
BELLMAN_MSM_SUBMIT_PROFILE call_id=36 submit_elapsed_ms=0.002
BELLMAN_MSM_SUBMIT_PROFILE call_id=37 submit_elapsed_ms=0.001
BELLMAN_MSM_PROFILE call_id=33 exponent_count=131071 density_map_size=None window=12 task_start_delay_ms=0.036 elapsed_ms=3519.642
BELLMAN_MSM_PROFILE call_id=34 exponent_count=98638 density_map_size=None window=12 task_start_delay_ms=3513.350 elapsed_ms=975.897
BELLMAN_MSM_PROFILE call_id=35 exponent_count=8 density_map_size=None window=3 task_start_delay_ms=4489.359 elapsed_ms=2.069
BELLMAN_MSM_PROFILE call_id=36 exponent_count=98638 density_map_size=Some(98638) window=12 task_start_delay_ms=4491.645 elapsed_ms=631.912
BELLMAN_MSM_PROFILE call_id=37 exponent_count=8 density_map_size=Some(8) window=3 task_start_delay_ms=5123.674 elapsed_ms=1.498
BELLMAN_MSM_PROFILE call_id=38 exponent_count=98638 density_map_size=Some(98638) window=12 task_start_delay_ms=5125.238 elapsed_ms=526.879
BELLMAN_MSM_SUBMIT_PROFILE call_id=38 submit_elapsed_ms=5652.460
BELLMAN_MSM_SUBMIT_PROFILE call_id=39 submit_elapsed_ms=0.009
BELLMAN_MSM_SUBMIT_PROFILE call_id=40 submit_elapsed_ms=0.001
BELLMAN_MSM_PROFILE call_id=39 exponent_count=8 density_map_size=Some(8) window=3 task_start_delay_ms=0.033 elapsed_ms=4.529
BELLMAN_MSM_PROFILE call_id=40 exponent_count=98638 density_map_size=Some(98638) window=12 task_start_delay_ms=4.626 elapsed_ms=1272.349
run=5, prove_ms=7896.238, verify_ms=8.143, proof_bytes=192, verified=true
batch_id=1791634015130
CSV_PATH=D:\Research\zcash-sapling-engineering-msm-profile\experiments\prover-smoke\../../experiments/raw/csv\sapling_spend_prover_runs_release.csv
SPEND_PROOF_EXPERIMENT=PASS
