    Finished `release` profile [optimized] target(s) in 0.11s
     Running `D:\Research\zcash-sapling-engineering-msm-profile\experiments\prover-smoke\target\release\spend_prover_smoke.exe`
params_read_validate_ms=44699.836
prepare_vk_ms=1.784
input_prep_ms=27.998
BELLMAN_MSM_SUBMIT_PROFILE call_id=1 submit_elapsed_ms=0.186
BELLMAN_MSM_SUBMIT_PROFILE call_id=2 submit_elapsed_ms=1.777
BELLMAN_MSM_SUBMIT_PROFILE call_id=3 submit_elapsed_ms=0.002
BELLMAN_MSM_SUBMIT_PROFILE call_id=4 submit_elapsed_ms=0.001
BELLMAN_MSM_SUBMIT_PROFILE call_id=5 submit_elapsed_ms=0.001
BELLMAN_MSM_SUBMIT_PROFILE call_id=6 submit_elapsed_ms=0.001
BELLMAN_MSM_SUBMIT_PROFILE call_id=7 submit_elapsed_ms=0.001
BELLMAN_MSM_SUBMIT_PROFILE call_id=8 submit_elapsed_ms=0.004
BELLMAN_MSM_PROFILE call_id=2 exponent_count=98638 density_map_size=None window=12 task_start_delay_ms=0.025 elapsed_ms=870.938
BELLMAN_MSM_PROFILE call_id=3 exponent_count=8 density_map_size=None window=3 task_start_delay_ms=2004.180 elapsed_ms=1.908
BELLMAN_MSM_PROFILE call_id=5 exponent_count=8 density_map_size=Some(8) window=3 task_start_delay_ms=2285.383 elapsed_ms=1.425
BELLMAN_MSM_PROFILE call_id=4 exponent_count=98638 density_map_size=Some(98638) window=12 task_start_delay_ms=2006.149 elapsed_ms=309.797
BELLMAN_MSM_PROFILE call_id=7 exponent_count=8 density_map_size=Some(8) window=3 task_start_delay_ms=2507.365 elapsed_ms=3.986
BELLMAN_MSM_PROFILE call_id=6 exponent_count=98638 density_map_size=Some(98638) window=12 task_start_delay_ms=2287.084 elapsed_ms=233.424
BELLMAN_MSM_PROFILE call_id=1 exponent_count=131071 density_map_size=None window=12 task_start_delay_ms=0.050 elapsed_ms=2540.427
BELLMAN_MSM_PROFILE call_id=8 exponent_count=98638 density_map_size=Some(98638) window=12 task_start_delay_ms=2511.358 elapsed_ms=616.457
run=1, prove_ms=3814.466, verify_ms=8.169, proof_bytes=192, verified=true
BELLMAN_MSM_SUBMIT_PROFILE call_id=9 submit_elapsed_ms=0.245
BELLMAN_MSM_SUBMIT_PROFILE call_id=10 submit_elapsed_ms=0.011
BELLMAN_MSM_SUBMIT_PROFILE call_id=11 submit_elapsed_ms=0.001
BELLMAN_MSM_SUBMIT_PROFILE call_id=12 submit_elapsed_ms=0.002
BELLMAN_MSM_SUBMIT_PROFILE call_id=13 submit_elapsed_ms=0.001
BELLMAN_MSM_SUBMIT_PROFILE call_id=14 submit_elapsed_ms=0.001
BELLMAN_MSM_SUBMIT_PROFILE call_id=15 submit_elapsed_ms=0.001
BELLMAN_MSM_SUBMIT_PROFILE call_id=16 submit_elapsed_ms=0.001
BELLMAN_MSM_PROFILE call_id=10 exponent_count=98638 density_map_size=None window=12 task_start_delay_ms=0.032 elapsed_ms=887.573
BELLMAN_MSM_PROFILE call_id=11 exponent_count=8 density_map_size=None window=3 task_start_delay_ms=1996.548 elapsed_ms=1.819
BELLMAN_MSM_PROFILE call_id=13 exponent_count=8 density_map_size=Some(8) window=3 task_start_delay_ms=2009.400 elapsed_ms=1.471
BELLMAN_MSM_PROFILE call_id=14 exponent_count=98638 density_map_size=Some(98638) window=12 task_start_delay_ms=2010.921 elapsed_ms=426.602
BELLMAN_MSM_PROFILE call_id=15 exponent_count=8 density_map_size=Some(8) window=3 task_start_delay_ms=2437.648 elapsed_ms=3.977
BELLMAN_MSM_PROFILE call_id=12 exponent_count=98638 density_map_size=Some(98638) window=12 task_start_delay_ms=1998.502 elapsed_ms=573.563
BELLMAN_MSM_PROFILE call_id=16 exponent_count=98638 density_map_size=Some(98638) window=12 task_start_delay_ms=2441.737 elapsed_ms=653.812
BELLMAN_MSM_PROFILE call_id=9 exponent_count=131071 density_map_size=None window=12 task_start_delay_ms=0.051 elapsed_ms=3114.718
run=2, prove_ms=3741.201, verify_ms=5.442, proof_bytes=192, verified=true
BELLMAN_MSM_SUBMIT_PROFILE call_id=17 submit_elapsed_ms=0.168
BELLMAN_MSM_SUBMIT_PROFILE call_id=18 submit_elapsed_ms=0.008
BELLMAN_MSM_SUBMIT_PROFILE call_id=19 submit_elapsed_ms=0.001
BELLMAN_MSM_SUBMIT_PROFILE call_id=20 submit_elapsed_ms=0.003
BELLMAN_MSM_SUBMIT_PROFILE call_id=21 submit_elapsed_ms=0.001
BELLMAN_MSM_SUBMIT_PROFILE call_id=22 submit_elapsed_ms=0.001
BELLMAN_MSM_SUBMIT_PROFILE call_id=23 submit_elapsed_ms=0.001
BELLMAN_MSM_SUBMIT_PROFILE call_id=24 submit_elapsed_ms=0.001
BELLMAN_MSM_PROFILE call_id=18 exponent_count=98638 density_map_size=None window=12 task_start_delay_ms=0.020 elapsed_ms=859.181
BELLMAN_MSM_PROFILE call_id=19 exponent_count=8 density_map_size=None window=3 task_start_delay_ms=1949.895 elapsed_ms=1.846
BELLMAN_MSM_PROFILE call_id=21 exponent_count=8 density_map_size=Some(8) window=3 task_start_delay_ms=2228.280 elapsed_ms=1.464
BELLMAN_MSM_PROFILE call_id=20 exponent_count=98638 density_map_size=Some(98638) window=12 task_start_delay_ms=1952.155 elapsed_ms=310.404
BELLMAN_MSM_PROFILE call_id=23 exponent_count=8 density_map_size=Some(8) window=3 task_start_delay_ms=2455.925 elapsed_ms=4.130
BELLMAN_MSM_PROFILE call_id=22 exponent_count=98638 density_map_size=Some(98638) window=12 task_start_delay_ms=2229.798 elapsed_ms=234.385
BELLMAN_MSM_PROFILE call_id=17 exponent_count=131071 density_map_size=None window=12 task_start_delay_ms=0.039 elapsed_ms=2481.721
BELLMAN_MSM_PROFILE call_id=24 exponent_count=98638 density_map_size=Some(98638) window=12 task_start_delay_ms=2460.311 elapsed_ms=621.697
run=3, prove_ms=3651.495, verify_ms=7.098, proof_bytes=192, verified=true
BELLMAN_MSM_SUBMIT_PROFILE call_id=25 submit_elapsed_ms=0.186
BELLMAN_MSM_SUBMIT_PROFILE call_id=26 submit_elapsed_ms=0.012
BELLMAN_MSM_SUBMIT_PROFILE call_id=27 submit_elapsed_ms=0.149
BELLMAN_MSM_SUBMIT_PROFILE call_id=28 submit_elapsed_ms=0.004
BELLMAN_MSM_SUBMIT_PROFILE call_id=29 submit_elapsed_ms=0.001
BELLMAN_MSM_SUBMIT_PROFILE call_id=30 submit_elapsed_ms=0.000
BELLMAN_MSM_SUBMIT_PROFILE call_id=31 submit_elapsed_ms=0.001
BELLMAN_MSM_SUBMIT_PROFILE call_id=32 submit_elapsed_ms=0.001
BELLMAN_MSM_PROFILE call_id=26 exponent_count=98638 density_map_size=None window=12 task_start_delay_ms=0.026 elapsed_ms=838.639
BELLMAN_MSM_PROFILE call_id=27 exponent_count=8 density_map_size=None window=3 task_start_delay_ms=1924.784 elapsed_ms=1.802
BELLMAN_MSM_PROFILE call_id=29 exponent_count=8 density_map_size=Some(8) window=3 task_start_delay_ms=2205.525 elapsed_ms=1.463
BELLMAN_MSM_PROFILE call_id=28 exponent_count=98638 density_map_size=Some(98638) window=12 task_start_delay_ms=1926.354 elapsed_ms=307.660
BELLMAN_MSM_PROFILE call_id=31 exponent_count=8 density_map_size=Some(8) window=3 task_start_delay_ms=2423.171 elapsed_ms=3.941
BELLMAN_MSM_PROFILE call_id=30 exponent_count=98638 density_map_size=Some(98638) window=12 task_start_delay_ms=2207.041 elapsed_ms=230.647
BELLMAN_MSM_PROFILE call_id=25 exponent_count=131071 density_map_size=None window=12 task_start_delay_ms=0.043 elapsed_ms=2455.285
BELLMAN_MSM_PROFILE call_id=32 exponent_count=98638 density_map_size=Some(98638) window=12 task_start_delay_ms=2427.268 elapsed_ms=615.553
run=4, prove_ms=3624.507, verify_ms=6.175, proof_bytes=192, verified=true
BELLMAN_MSM_SUBMIT_PROFILE call_id=33 submit_elapsed_ms=0.169
BELLMAN_MSM_SUBMIT_PROFILE call_id=34 submit_elapsed_ms=0.009
BELLMAN_MSM_SUBMIT_PROFILE call_id=35 submit_elapsed_ms=0.001
BELLMAN_MSM_SUBMIT_PROFILE call_id=36 submit_elapsed_ms=0.116
BELLMAN_MSM_SUBMIT_PROFILE call_id=37 submit_elapsed_ms=0.001
BELLMAN_MSM_SUBMIT_PROFILE call_id=38 submit_elapsed_ms=0.001
BELLMAN_MSM_SUBMIT_PROFILE call_id=39 submit_elapsed_ms=0.002
BELLMAN_MSM_SUBMIT_PROFILE call_id=40 submit_elapsed_ms=0.001
BELLMAN_MSM_PROFILE call_id=34 exponent_count=98638 density_map_size=None window=12 task_start_delay_ms=0.017 elapsed_ms=849.524
BELLMAN_MSM_PROFILE call_id=35 exponent_count=8 density_map_size=None window=3 task_start_delay_ms=1939.286 elapsed_ms=1.805
BELLMAN_MSM_PROFILE call_id=37 exponent_count=8 density_map_size=Some(8) window=3 task_start_delay_ms=2221.399 elapsed_ms=1.462
BELLMAN_MSM_PROFILE call_id=36 exponent_count=98638 density_map_size=Some(98638) window=12 task_start_delay_ms=1941.262 elapsed_ms=307.514
BELLMAN_MSM_PROFILE call_id=39 exponent_count=8 density_map_size=Some(8) window=3 task_start_delay_ms=2435.598 elapsed_ms=4.011
BELLMAN_MSM_PROFILE call_id=38 exponent_count=98638 density_map_size=Some(98638) window=12 task_start_delay_ms=2222.905 elapsed_ms=229.245
BELLMAN_MSM_PROFILE call_id=33 exponent_count=131071 density_map_size=None window=12 task_start_delay_ms=0.043 elapsed_ms=2469.209
BELLMAN_MSM_PROFILE call_id=40 exponent_count=98638 density_map_size=Some(98638) window=12 task_start_delay_ms=2439.670 elapsed_ms=606.336
run=5, prove_ms=3650.945, verify_ms=7.987, proof_bytes=192, verified=true
batch_id=1791634566417
CSV_PATH=D:\Research\zcash-sapling-engineering-msm-profile\experiments\prover-smoke\../../experiments/raw/csv\sapling_spend_prover_runs_release.csv
SPEND_PROOF_EXPERIMENT=PASS
