   Compiling bellman v0.15.0 (D:\Research\zcash-sapling-engineering\vendor\bellman)
   Compiling groth16 v0.2.0 (D:\Research\zcash-sapling-engineering\vendor\groth16)
   Compiling sapling-crypto v0.9.0 (D:\Research\zcash-sapling-crypto)
   Compiling sapling-output-smoke v0.1.0 (D:\Research\zcash-sapling-engineering\experiments\prover-smoke)
    Finished `release` profile [optimized] target(s) in 4.63s
     Running `experiments\prover-smoke\target\release\sapling-output-smoke.exe`
params_read_validate_ms=1796.056
prepare_vk_ms=1.029
input_prep_ms=12.627
G16_PROFILE stage=circuit_synthesis elapsed_ms=56.056
G16_PROFILE stage=qap_fft_quotient elapsed_ms=19.888
BELLMAN_MSM_SUBMIT_BEGIN call_id=1 exponent_count=8191
BELLMAN_MSM_SUBMIT_RETURN call_id=1 submit_elapsed_ms=0.019
G16_PROFILE stage=h_msm_submit elapsed_ms=0.041
BELLMAN_MSM_TASK_START call_id=1 delay_ms=0.068
G16_PROFILE stage=assignment_conversion elapsed_ms=0.235
BELLMAN_MSM_SUBMIT_BEGIN call_id=2 exponent_count=7821
BELLMAN_MSM_SUBMIT_RETURN call_id=2 submit_elapsed_ms=0.006
BELLMAN_MSM_SUBMIT_BEGIN call_id=3 exponent_count=6
BELLMAN_MSM_SUBMIT_RETURN call_id=3 submit_elapsed_ms=0.006
BELLMAN_MSM_SUBMIT_BEGIN call_id=4 exponent_count=7821
BELLMAN_MSM_SUBMIT_RETURN call_id=4 submit_elapsed_ms=0.006
BELLMAN_MSM_SUBMIT_BEGIN call_id=5 exponent_count=6
BELLMAN_MSM_SUBMIT_RETURN call_id=5 submit_elapsed_ms=0.006
BELLMAN_MSM_SUBMIT_BEGIN call_id=6 exponent_count=7821
BELLMAN_WORKER_SYNC_FALLBACK previous_count=5 max_count=4 current_num_threads=1
BELLMAN_MSM_STAGE_PROFILE call_id=1 chunks=26 exponent_chunking_ms=2.388 bucket_alloc_sum_ms=0.146 bucket_alloc_max_chunk_ms=0.044 bucket_fill_sum_ms=97.362 bucket_fill_max_chunk_ms=4.541 bucket_sum_sum_ms=26.957 bucket_sum_max_chunk_ms=1.066 parallel_chunks_wall_ms=124.494 part_fold_ms=0.113inner_elapsed_ms=127.001
BELLMAN_MSM_OP_COUNTS call_id=1 point_add_calls=212520 base_skip_calls=0
BELLMAN_MSM_PROFILE call_id=1 exponent_count=8191 density_map_size=None window=10 elapsed_ms=127.297
BELLMAN_MSM_TASK_START call_id=2 delay_ms=127.161
BELLMAN_MSM_STAGE_PROFILE call_id=2 chunks=29 exponent_chunking_ms=1.605 bucket_alloc_sum_ms=0.064 bucket_alloc_max_chunk_ms=0.006 bucket_fill_sum_ms=65.467 bucket_fill_max_chunk_ms=3.381 bucket_sum_sum_ms=15.151 bucket_sum_max_chunk_ms=0.577 parallel_chunks_wall_ms=80.694 part_fold_ms=0.110inner_elapsed_ms=82.410
BELLMAN_MSM_OP_COUNTS call_id=2 point_add_calls=142327 base_skip_calls=54955
BELLMAN_MSM_PROFILE call_id=2 exponent_count=7821 density_map_size=None window=9 elapsed_ms=82.631
BELLMAN_MSM_TASK_START call_id=3 delay_ms=209.815
BELLMAN_MSM_STAGE_PROFILE call_id=3 chunks=85 exponent_chunking_ms=0.004 bucket_alloc_sum_ms=0.010 bucket_alloc_max_chunk_ms=0.002 bucket_fill_sum_ms=0.168 bucket_fill_max_chunk_ms=0.003 bucket_sum_sum_ms=0.600 bucket_sum_max_chunk_ms=0.007 parallel_chunks_wall_ms=0.800 part_fold_ms=0.135inner_elapsed_ms=0.940
BELLMAN_MSM_OP_COUNTS call_id=3 point_add_calls=374 base_skip_calls=0
BELLMAN_MSM_PROFILE call_id=3 exponent_count=6 density_map_size=None window=3 elapsed_ms=1.003
BELLMAN_MSM_TASK_START call_id=4 delay_ms=210.828
BELLMAN_MSM_STAGE_PROFILE call_id=4 chunks=29 exponent_chunking_ms=1.542 bucket_alloc_sum_ms=0.081 bucket_alloc_max_chunk_ms=0.021 bucket_fill_sum_ms=47.855 bucket_fill_max_chunk_ms=2.079 bucket_sum_sum_ms=15.215 bucket_sum_max_chunk_ms=0.634 parallel_chunks_wall_ms=63.162 part_fold_ms=0.107inner_elapsed_ms=64.823
BELLMAN_MSM_OP_COUNTS call_id=4 point_add_calls=103191 base_skip_calls=50025
BELLMAN_MSM_PROFILE call_id=4 exponent_count=7821 density_map_size=Some(7821) window=9 elapsed_ms=65.039
BELLMAN_MSM_TASK_START call_id=5 delay_ms=275.889
BELLMAN_MSM_STAGE_PROFILE call_id=5 chunks=85 exponent_chunking_ms=0.004 bucket_alloc_sum_ms=0.009 bucket_alloc_max_chunk_ms=0.000 bucket_fill_sum_ms=0.006 bucket_fill_max_chunk_ms=0.001 bucket_sum_sum_ms=0.609 bucket_sum_max_chunk_ms=0.012 parallel_chunks_wall_ms=0.653 part_fold_ms=0.137inner_elapsed_ms=0.794
BELLMAN_MSM_OP_COUNTS call_id=5 point_add_calls=1 base_skip_calls=0
BELLMAN_MSM_PROFILE call_id=5 exponent_count=6 density_map_size=Some(6) window=3 elapsed_ms=0.856
BELLMAN_MSM_TASK_START call_id=6 delay_ms=276.763
BELLMAN_MSM_STAGE_PROFILE call_id=6 chunks=29 exponent_chunking_ms=1.507 bucket_alloc_sum_ms=0.068 bucket_alloc_max_chunk_ms=0.018 bucket_fill_sum_ms=35.487 bucket_fill_max_chunk_ms=1.626 bucket_sum_sum_ms=15.062 bucket_sum_max_chunk_ms=0.528 parallel_chunks_wall_ms=50.627 part_fold_ms=0.109inner_elapsed_ms=52.245
BELLMAN_MSM_OP_COUNTS call_id=6 point_add_calls=77667 base_skip_calls=37004
BELLMAN_MSM_PROFILE call_id=6 exponent_count=7821 density_map_size=Some(7821) window=9 elapsed_ms=52.500
BELLMAN_MSM_SUBMIT_RETURN call_id=6 submit_elapsed_ms=329.348
BELLMAN_MSM_SUBMIT_BEGIN call_id=7 exponent_count=6
BELLMAN_MSM_SUBMIT_RETURN call_id=7 submit_elapsed_ms=0.012
BELLMAN_MSM_SUBMIT_BEGIN call_id=8 exponent_count=7821
BELLMAN_MSM_SUBMIT_RETURN call_id=8 submit_elapsed_ms=0.009
G16_PROFILE stage=msm_setup_submit elapsed_ms=329.719
BELLMAN_MSM_TASK_START call_id=7 delay_ms=0.079
BELLMAN_MSM_STAGE_PROFILE call_id=7 chunks=85 exponent_chunking_ms=0.005 bucket_alloc_sum_ms=0.014 bucket_alloc_max_chunk_ms=0.005 bucket_fill_sum_ms=0.011 bucket_fill_max_chunk_ms=0.006 bucket_sum_sum_ms=1.764 bucket_sum_max_chunk_ms=0.028 parallel_chunks_wall_ms=1.819 part_fold_ms=0.471inner_elapsed_ms=2.296
BELLMAN_MSM_OP_COUNTS call_id=7 point_add_calls=1 base_skip_calls=0
BELLMAN_MSM_PROFILE call_id=7 exponent_count=6 density_map_size=Some(6) window=3 elapsed_ms=2.368
BELLMAN_MSM_TASK_START call_id=8 delay_ms=2.471
BELLMAN_MSM_STAGE_PROFILE call_id=8 chunks=29 exponent_chunking_ms=1.498 bucket_alloc_sum_ms=0.109 bucket_alloc_max_chunk_ms=0.031 bucket_fill_sum_ms=106.403 bucket_fill_max_chunk_ms=5.199 bucket_sum_sum_ms=43.777 bucket_sum_max_chunk_ms=1.658 parallel_chunks_wall_ms=150.303 part_fold_ms=0.304inner_elapsed_ms=152.106
BELLMAN_MSM_OP_COUNTS call_id=8 point_add_calls=77667 base_skip_calls=37004
BELLMAN_MSM_PROFILE call_id=8 exponent_count=7821 density_map_size=Some(7821) window=9 elapsed_ms=152.326
G16_PROFILE stage=post_dispatch_wait_assembly elapsed_ms=155.139
run=1, prove_ms=560.925, verify_ms=2.119, proof_bytes=192, verified=true
G16_PROFILE stage=circuit_synthesis elapsed_ms=13.392
G16_PROFILE stage=qap_fft_quotient elapsed_ms=21.091
BELLMAN_MSM_SUBMIT_BEGIN call_id=9 exponent_count=8191
BELLMAN_MSM_SUBMIT_RETURN call_id=9 submit_elapsed_ms=0.014
G16_PROFILE stage=h_msm_submit elapsed_ms=0.028
BELLMAN_MSM_TASK_START call_id=9 delay_ms=0.070
G16_PROFILE stage=assignment_conversion elapsed_ms=0.227
BELLMAN_MSM_SUBMIT_BEGIN call_id=10 exponent_count=7821
BELLMAN_MSM_SUBMIT_RETURN call_id=10 submit_elapsed_ms=0.012
BELLMAN_MSM_SUBMIT_BEGIN call_id=11 exponent_count=6
BELLMAN_MSM_SUBMIT_RETURN call_id=11 submit_elapsed_ms=0.007
BELLMAN_MSM_SUBMIT_BEGIN call_id=12 exponent_count=7821
BELLMAN_MSM_SUBMIT_RETURN call_id=12 submit_elapsed_ms=0.016
BELLMAN_MSM_SUBMIT_BEGIN call_id=13 exponent_count=6
BELLMAN_MSM_SUBMIT_RETURN call_id=13 submit_elapsed_ms=0.006
BELLMAN_MSM_SUBMIT_BEGIN call_id=14 exponent_count=7821
BELLMAN_WORKER_SYNC_FALLBACK previous_count=5 max_count=4 current_num_threads=1
BELLMAN_MSM_STAGE_PROFILE call_id=9 chunks=26 exponent_chunking_ms=2.345 bucket_alloc_sum_ms=0.178 bucket_alloc_max_chunk_ms=0.040 bucket_fill_sum_ms=96.947 bucket_fill_max_chunk_ms=4.292 bucket_sum_sum_ms=27.168 bucket_sum_max_chunk_ms=1.158 parallel_chunks_wall_ms=124.305 part_fold_ms=0.106inner_elapsed_ms=126.757
BELLMAN_MSM_OP_COUNTS call_id=9 point_add_calls=212520 base_skip_calls=0
BELLMAN_MSM_PROFILE call_id=9 exponent_count=8191 density_map_size=None window=10 elapsed_ms=127.142
BELLMAN_MSM_TASK_START call_id=10 delay_ms=127.012
BELLMAN_MSM_STAGE_PROFILE call_id=10 chunks=29 exponent_chunking_ms=1.523 bucket_alloc_sum_ms=0.072 bucket_alloc_max_chunk_ms=0.019 bucket_fill_sum_ms=64.977 bucket_fill_max_chunk_ms=2.700 bucket_sum_sum_ms=15.287 bucket_sum_max_chunk_ms=0.599 parallel_chunks_wall_ms=80.351 part_fold_ms=0.115inner_elapsed_ms=81.990
BELLMAN_MSM_OP_COUNTS call_id=10 point_add_calls=142327 base_skip_calls=54955
BELLMAN_MSM_PROFILE call_id=10 exponent_count=7821 density_map_size=None window=9 elapsed_ms=82.258
BELLMAN_MSM_TASK_START call_id=11 delay_ms=209.252
BELLMAN_MSM_STAGE_PROFILE call_id=11 chunks=85 exponent_chunking_ms=0.004 bucket_alloc_sum_ms=0.009 bucket_alloc_max_chunk_ms=0.001 bucket_fill_sum_ms=0.169 bucket_fill_max_chunk_ms=0.003 bucket_sum_sum_ms=0.621 bucket_sum_max_chunk_ms=0.015 parallel_chunks_wall_ms=0.819 part_fold_ms=0.138inner_elapsed_ms=0.963
BELLMAN_MSM_OP_COUNTS call_id=11 point_add_calls=374 base_skip_calls=0
BELLMAN_MSM_PROFILE call_id=11 exponent_count=6 density_map_size=None window=3 elapsed_ms=1.046
BELLMAN_MSM_TASK_START call_id=12 delay_ms=210.313
BELLMAN_MSM_STAGE_PROFILE call_id=12 chunks=29 exponent_chunking_ms=1.521 bucket_alloc_sum_ms=0.070 bucket_alloc_max_chunk_ms=0.020 bucket_fill_sum_ms=47.071 bucket_fill_max_chunk_ms=2.064 bucket_sum_sum_ms=15.242 bucket_sum_max_chunk_ms=0.604 parallel_chunks_wall_ms=62.392 part_fold_ms=0.108inner_elapsed_ms=64.022
BELLMAN_MSM_OP_COUNTS call_id=12 point_add_calls=103191 base_skip_calls=50025
BELLMAN_MSM_PROFILE call_id=12 exponent_count=7821 density_map_size=Some(7821) window=9 elapsed_ms=64.260
BELLMAN_MSM_TASK_START call_id=13 delay_ms=274.580
BELLMAN_MSM_STAGE_PROFILE call_id=13 chunks=85 exponent_chunking_ms=0.004 bucket_alloc_sum_ms=0.009 bucket_alloc_max_chunk_ms=0.001 bucket_fill_sum_ms=0.008 bucket_fill_max_chunk_ms=0.001 bucket_sum_sum_ms=0.665 bucket_sum_max_chunk_ms=0.033 parallel_chunks_wall_ms=0.735 part_fold_ms=0.141inner_elapsed_ms=0.880
BELLMAN_MSM_OP_COUNTS call_id=13 point_add_calls=1 base_skip_calls=0
BELLMAN_MSM_PROFILE call_id=13 exponent_count=6 density_map_size=Some(6) window=3 elapsed_ms=0.963
BELLMAN_MSM_TASK_START call_id=14 delay_ms=275.603
BELLMAN_MSM_STAGE_PROFILE call_id=14 chunks=29 exponent_chunking_ms=1.500 bucket_alloc_sum_ms=0.088 bucket_alloc_max_chunk_ms=0.020 bucket_fill_sum_ms=43.949 bucket_fill_max_chunk_ms=4.064 bucket_sum_sum_ms=17.877 bucket_sum_max_chunk_ms=2.269 parallel_chunks_wall_ms=61.929 part_fold_ms=0.110inner_elapsed_ms=63.540
BELLMAN_MSM_OP_COUNTS call_id=14 point_add_calls=77667 base_skip_calls=37004
BELLMAN_MSM_PROFILE call_id=14 exponent_count=7821 density_map_size=Some(7821) window=9 elapsed_ms=63.775
BELLMAN_MSM_SUBMIT_RETURN call_id=14 submit_elapsed_ms=339.479
BELLMAN_MSM_SUBMIT_BEGIN call_id=15 exponent_count=6
BELLMAN_MSM_SUBMIT_RETURN call_id=15 submit_elapsed_ms=0.015
BELLMAN_MSM_TASK_START call_id=15 delay_ms=0.020
BELLMAN_MSM_SUBMIT_BEGIN call_id=16 exponent_count=7821
BELLMAN_MSM_SUBMIT_RETURN call_id=16 submit_elapsed_ms=0.022
G16_PROFILE stage=msm_setup_submit elapsed_ms=339.916
BELLMAN_MSM_STAGE_PROFILE call_id=15 chunks=85 exponent_chunking_ms=0.004 bucket_alloc_sum_ms=0.010 bucket_alloc_max_chunk_ms=0.001 bucket_fill_sum_ms=0.009 bucket_fill_max_chunk_ms=0.003 bucket_sum_sum_ms=1.773 bucket_sum_max_chunk_ms=0.027 parallel_chunks_wall_ms=1.815 part_fold_ms=0.381inner_elapsed_ms=2.201
BELLMAN_MSM_OP_COUNTS call_id=15 point_add_calls=1 base_skip_calls=0
BELLMAN_MSM_PROFILE call_id=15 exponent_count=6 density_map_size=Some(6) window=3 elapsed_ms=2.309
BELLMAN_MSM_TASK_START call_id=16 delay_ms=2.341
BELLMAN_MSM_STAGE_PROFILE call_id=16 chunks=29 exponent_chunking_ms=1.527 bucket_alloc_sum_ms=0.102 bucket_alloc_max_chunk_ms=0.039 bucket_fill_sum_ms=103.493 bucket_fill_max_chunk_ms=4.774 bucket_sum_sum_ms=43.427 bucket_sum_max_chunk_ms=1.644 parallel_chunks_wall_ms=147.031 part_fold_ms=0.299inner_elapsed_ms=148.858
BELLMAN_MSM_OP_COUNTS call_id=16 point_add_calls=77667 base_skip_calls=37004
BELLMAN_MSM_PROFILE call_id=16 exponent_count=7821 density_map_size=Some(7821) window=9 elapsed_ms=149.199
G16_PROFILE stage=post_dispatch_wait_assembly elapsed_ms=151.933
run=2, prove_ms=526.446, verify_ms=2.473, proof_bytes=192, verified=true
G16_PROFILE stage=circuit_synthesis elapsed_ms=13.187
G16_PROFILE stage=qap_fft_quotient elapsed_ms=20.297
BELLMAN_MSM_SUBMIT_BEGIN call_id=17 exponent_count=8191
BELLMAN_MSM_SUBMIT_RETURN call_id=17 submit_elapsed_ms=0.009
G16_PROFILE stage=h_msm_submit elapsed_ms=0.019
BELLMAN_MSM_TASK_START call_id=17 delay_ms=0.070
G16_PROFILE stage=assignment_conversion elapsed_ms=0.248
BELLMAN_MSM_SUBMIT_BEGIN call_id=18 exponent_count=7821
BELLMAN_MSM_SUBMIT_RETURN call_id=18 submit_elapsed_ms=0.006
BELLMAN_MSM_SUBMIT_BEGIN call_id=19 exponent_count=6
BELLMAN_MSM_SUBMIT_RETURN call_id=19 submit_elapsed_ms=0.005
BELLMAN_MSM_SUBMIT_BEGIN call_id=20 exponent_count=7821
BELLMAN_MSM_SUBMIT_RETURN call_id=20 submit_elapsed_ms=0.007
BELLMAN_MSM_SUBMIT_BEGIN call_id=21 exponent_count=6
BELLMAN_MSM_SUBMIT_RETURN call_id=21 submit_elapsed_ms=0.005
BELLMAN_MSM_SUBMIT_BEGIN call_id=22 exponent_count=7821
BELLMAN_WORKER_SYNC_FALLBACK previous_count=5 max_count=4 current_num_threads=1
BELLMAN_MSM_STAGE_PROFILE call_id=17 chunks=26 exponent_chunking_ms=2.285 bucket_alloc_sum_ms=0.135 bucket_alloc_max_chunk_ms=0.039 bucket_fill_sum_ms=95.584 bucket_fill_max_chunk_ms=3.876 bucket_sum_sum_ms=26.997 bucket_sum_max_chunk_ms=1.110 parallel_chunks_wall_ms=122.727 part_fold_ms=0.106inner_elapsed_ms=125.118
BELLMAN_MSM_OP_COUNTS call_id=17 point_add_calls=212520 base_skip_calls=0
BELLMAN_MSM_PROFILE call_id=17 exponent_count=8191 density_map_size=None window=10 elapsed_ms=125.477
BELLMAN_MSM_TASK_START call_id=18 delay_ms=125.367
BELLMAN_MSM_STAGE_PROFILE call_id=18 chunks=29 exponent_chunking_ms=1.570 bucket_alloc_sum_ms=0.075 bucket_alloc_max_chunk_ms=0.021 bucket_fill_sum_ms=64.149 bucket_fill_max_chunk_ms=2.654 bucket_sum_sum_ms=15.156 bucket_sum_max_chunk_ms=0.610 parallel_chunks_wall_ms=79.392 part_fold_ms=0.111inner_elapsed_ms=81.073
BELLMAN_MSM_OP_COUNTS call_id=18 point_add_calls=142327 base_skip_calls=54955
BELLMAN_MSM_PROFILE call_id=18 exponent_count=7821 density_map_size=None window=9 elapsed_ms=81.314
BELLMAN_MSM_TASK_START call_id=19 delay_ms=206.747
BELLMAN_MSM_STAGE_PROFILE call_id=19 chunks=85 exponent_chunking_ms=0.004 bucket_alloc_sum_ms=0.009 bucket_alloc_max_chunk_ms=0.000 bucket_fill_sum_ms=0.167 bucket_fill_max_chunk_ms=0.003 bucket_sum_sum_ms=0.599 bucket_sum_max_chunk_ms=0.008 parallel_chunks_wall_ms=0.792 part_fold_ms=0.134inner_elapsed_ms=0.932
BELLMAN_MSM_OP_COUNTS call_id=19 point_add_calls=374 base_skip_calls=0
BELLMAN_MSM_PROFILE call_id=19 exponent_count=6 density_map_size=None window=3 elapsed_ms=1.000
BELLMAN_MSM_TASK_START call_id=20 delay_ms=207.762
BELLMAN_MSM_STAGE_PROFILE call_id=20 chunks=29 exponent_chunking_ms=1.549 bucket_alloc_sum_ms=0.082 bucket_alloc_max_chunk_ms=0.028 bucket_fill_sum_ms=47.272 bucket_fill_max_chunk_ms=2.067 bucket_sum_sum_ms=15.075 bucket_sum_max_chunk_ms=0.533 parallel_chunks_wall_ms=62.441 part_fold_ms=0.109inner_elapsed_ms=64.100
BELLMAN_MSM_OP_COUNTS call_id=20 point_add_calls=103191 base_skip_calls=50025
BELLMAN_MSM_PROFILE call_id=20 exponent_count=7821 density_map_size=Some(7821) window=9 elapsed_ms=64.355
BELLMAN_MSM_TASK_START call_id=21 delay_ms=272.136
BELLMAN_MSM_STAGE_PROFILE call_id=21 chunks=85 exponent_chunking_ms=0.004 bucket_alloc_sum_ms=0.009 bucket_alloc_max_chunk_ms=0.000 bucket_fill_sum_ms=0.007 bucket_fill_max_chunk_ms=0.001 bucket_sum_sum_ms=0.658 bucket_sum_max_chunk_ms=0.063 parallel_chunks_wall_ms=0.699 part_fold_ms=0.133inner_elapsed_ms=0.836
BELLMAN_MSM_OP_COUNTS call_id=21 point_add_calls=1 base_skip_calls=0
BELLMAN_MSM_PROFILE call_id=21 exponent_count=6 density_map_size=Some(6) window=3 elapsed_ms=0.915
BELLMAN_MSM_TASK_START call_id=22 delay_ms=273.062
BELLMAN_MSM_STAGE_PROFILE call_id=22 chunks=29 exponent_chunking_ms=1.782 bucket_alloc_sum_ms=0.097 bucket_alloc_max_chunk_ms=0.045 bucket_fill_sum_ms=36.161 bucket_fill_max_chunk_ms=1.795 bucket_sum_sum_ms=15.247 bucket_sum_max_chunk_ms=0.726 parallel_chunks_wall_ms=51.517 part_fold_ms=0.108inner_elapsed_ms=53.407
BELLMAN_MSM_OP_COUNTS call_id=22 point_add_calls=77667 base_skip_calls=37004
BELLMAN_MSM_PROFILE call_id=22 exponent_count=7821 density_map_size=Some(7821) window=9 elapsed_ms=53.634
BELLMAN_MSM_SUBMIT_RETURN call_id=22 submit_elapsed_ms=326.755
BELLMAN_MSM_SUBMIT_BEGIN call_id=23 exponent_count=6
BELLMAN_MSM_SUBMIT_RETURN call_id=23 submit_elapsed_ms=0.012
BELLMAN_MSM_SUBMIT_BEGIN call_id=24 exponent_count=7821
BELLMAN_MSM_SUBMIT_RETURN call_id=24 submit_elapsed_ms=0.010
G16_PROFILE stage=msm_setup_submit elapsed_ms=327.151
BELLMAN_MSM_TASK_START call_id=23 delay_ms=0.064
BELLMAN_MSM_STAGE_PROFILE call_id=23 chunks=85 exponent_chunking_ms=0.004 bucket_alloc_sum_ms=0.011 bucket_alloc_max_chunk_ms=0.001 bucket_fill_sum_ms=0.009 bucket_fill_max_chunk_ms=0.003 bucket_sum_sum_ms=1.765 bucket_sum_max_chunk_ms=0.037 parallel_chunks_wall_ms=1.821 part_fold_ms=0.382inner_elapsed_ms=2.208
BELLMAN_MSM_OP_COUNTS call_id=23 point_add_calls=1 base_skip_calls=0
BELLMAN_MSM_PROFILE call_id=23 exponent_count=6 density_map_size=Some(6) window=3 elapsed_ms=2.291
BELLMAN_MSM_TASK_START call_id=24 delay_ms=2.417
BELLMAN_MSM_STAGE_PROFILE call_id=24 chunks=29 exponent_chunking_ms=1.611 bucket_alloc_sum_ms=0.144 bucket_alloc_max_chunk_ms=0.054 bucket_fill_sum_ms=103.919 bucket_fill_max_chunk_ms=4.856 bucket_sum_sum_ms=43.259 bucket_sum_max_chunk_ms=1.615 parallel_chunks_wall_ms=147.343 part_fold_ms=0.298inner_elapsed_ms=149.254
BELLMAN_MSM_OP_COUNTS call_id=24 point_add_calls=77667 base_skip_calls=37004
BELLMAN_MSM_PROFILE call_id=24 exponent_count=7821 density_map_size=Some(7821) window=9 elapsed_ms=149.486
G16_PROFILE stage=post_dispatch_wait_assembly elapsed_ms=152.247
run=3, prove_ms=512.951, verify_ms=2.114, proof_bytes=192, verified=true
G16_PROFILE stage=circuit_synthesis elapsed_ms=13.446
G16_PROFILE stage=qap_fft_quotient elapsed_ms=20.214
BELLMAN_MSM_SUBMIT_BEGIN call_id=25 exponent_count=8191
BELLMAN_MSM_SUBMIT_RETURN call_id=25 submit_elapsed_ms=0.012
BELLMAN_MSM_TASK_START call_id=25 delay_ms=0.016
G16_PROFILE stage=h_msm_submit elapsed_ms=0.022
G16_PROFILE stage=assignment_conversion elapsed_ms=0.253
BELLMAN_MSM_SUBMIT_BEGIN call_id=26 exponent_count=7821
BELLMAN_MSM_SUBMIT_RETURN call_id=26 submit_elapsed_ms=0.008
BELLMAN_MSM_SUBMIT_BEGIN call_id=27 exponent_count=6
BELLMAN_MSM_SUBMIT_RETURN call_id=27 submit_elapsed_ms=0.006
BELLMAN_MSM_SUBMIT_BEGIN call_id=28 exponent_count=7821
BELLMAN_MSM_SUBMIT_RETURN call_id=28 submit_elapsed_ms=0.007
BELLMAN_MSM_SUBMIT_BEGIN call_id=29 exponent_count=6
BELLMAN_MSM_SUBMIT_RETURN call_id=29 submit_elapsed_ms=0.009
BELLMAN_MSM_SUBMIT_BEGIN call_id=30 exponent_count=7821
BELLMAN_WORKER_SYNC_FALLBACK previous_count=5 max_count=4 current_num_threads=1
BELLMAN_MSM_STAGE_PROFILE call_id=25 chunks=26 exponent_chunking_ms=2.380 bucket_alloc_sum_ms=0.098 bucket_alloc_max_chunk_ms=0.006 bucket_fill_sum_ms=94.773 bucket_fill_max_chunk_ms=3.865 bucket_sum_sum_ms=26.826 bucket_sum_max_chunk_ms=1.081 parallel_chunks_wall_ms=121.710 part_fold_ms=0.106inner_elapsed_ms=124.196
BELLMAN_MSM_OP_COUNTS call_id=25 point_add_calls=212520 base_skip_calls=0
BELLMAN_MSM_PROFILE call_id=25 exponent_count=8191 density_map_size=None window=10 elapsed_ms=124.549
BELLMAN_MSM_TASK_START call_id=26 delay_ms=124.262
BELLMAN_MSM_STAGE_PROFILE call_id=26 chunks=29 exponent_chunking_ms=1.534 bucket_alloc_sum_ms=0.072 bucket_alloc_max_chunk_ms=0.018 bucket_fill_sum_ms=63.759 bucket_fill_max_chunk_ms=2.702 bucket_sum_sum_ms=15.047 bucket_sum_max_chunk_ms=0.624 parallel_chunks_wall_ms=78.889 part_fold_ms=0.108inner_elapsed_ms=80.532
BELLMAN_MSM_OP_COUNTS call_id=26 point_add_calls=142327 base_skip_calls=54955
BELLMAN_MSM_PROFILE call_id=26 exponent_count=7821 density_map_size=None window=9 elapsed_ms=80.869
BELLMAN_MSM_TASK_START call_id=27 delay_ms=205.213
BELLMAN_MSM_STAGE_PROFILE call_id=27 chunks=85 exponent_chunking_ms=0.004 bucket_alloc_sum_ms=0.009 bucket_alloc_max_chunk_ms=0.000 bucket_fill_sum_ms=0.171 bucket_fill_max_chunk_ms=0.004 bucket_sum_sum_ms=0.605 bucket_sum_max_chunk_ms=0.011 parallel_chunks_wall_ms=0.803 part_fold_ms=0.134inner_elapsed_ms=0.942
BELLMAN_MSM_OP_COUNTS call_id=27 point_add_calls=374 base_skip_calls=0
BELLMAN_MSM_PROFILE call_id=27 exponent_count=6 density_map_size=None window=3 elapsed_ms=1.009
BELLMAN_MSM_TASK_START call_id=28 delay_ms=206.222
BELLMAN_MSM_STAGE_PROFILE call_id=28 chunks=29 exponent_chunking_ms=1.525 bucket_alloc_sum_ms=0.071 bucket_alloc_max_chunk_ms=0.018 bucket_fill_sum_ms=46.676 bucket_fill_max_chunk_ms=2.071 bucket_sum_sum_ms=14.958 bucket_sum_max_chunk_ms=0.529 parallel_chunks_wall_ms=61.715 part_fold_ms=0.108inner_elapsed_ms=63.348
BELLMAN_MSM_OP_COUNTS call_id=28 point_add_calls=103191 base_skip_calls=50025
BELLMAN_MSM_PROFILE call_id=28 exponent_count=7821 density_map_size=Some(7821) window=9 elapsed_ms=63.589
BELLMAN_MSM_TASK_START call_id=29 delay_ms=269.834
BELLMAN_MSM_STAGE_PROFILE call_id=29 chunks=85 exponent_chunking_ms=0.004 bucket_alloc_sum_ms=0.008 bucket_alloc_max_chunk_ms=0.000 bucket_fill_sum_ms=0.006 bucket_fill_max_chunk_ms=0.001 bucket_sum_sum_ms=0.612 bucket_sum_max_chunk_ms=0.010 parallel_chunks_wall_ms=0.645 part_fold_ms=0.134inner_elapsed_ms=0.783
BELLMAN_MSM_OP_COUNTS call_id=29 point_add_calls=1 base_skip_calls=0
BELLMAN_MSM_PROFILE call_id=29 exponent_count=6 density_map_size=Some(6) window=3 elapsed_ms=0.851
BELLMAN_MSM_TASK_START call_id=30 delay_ms=270.725
BELLMAN_MSM_STAGE_PROFILE call_id=30 chunks=29 exponent_chunking_ms=1.506 bucket_alloc_sum_ms=0.081 bucket_alloc_max_chunk_ms=0.021 bucket_fill_sum_ms=35.426 bucket_fill_max_chunk_ms=1.618 bucket_sum_sum_ms=15.133 bucket_sum_max_chunk_ms=0.560 parallel_chunks_wall_ms=50.649 part_fold_ms=0.110inner_elapsed_ms=52.265
BELLMAN_MSM_OP_COUNTS call_id=30 point_add_calls=77667 base_skip_calls=37004
BELLMAN_MSM_PROFILE call_id=30 exponent_count=7821 density_map_size=Some(7821) window=9 elapsed_ms=52.499
BELLMAN_MSM_SUBMIT_RETURN call_id=30 submit_elapsed_ms=323.271
BELLMAN_MSM_SUBMIT_BEGIN call_id=31 exponent_count=6
BELLMAN_MSM_SUBMIT_RETURN call_id=31 submit_elapsed_ms=0.010
BELLMAN_MSM_TASK_START call_id=31 delay_ms=0.011
BELLMAN_MSM_SUBMIT_BEGIN call_id=32 exponent_count=7821
BELLMAN_MSM_SUBMIT_RETURN call_id=32 submit_elapsed_ms=0.043
G16_PROFILE stage=msm_setup_submit elapsed_ms=323.705
BELLMAN_MSM_STAGE_PROFILE call_id=31 chunks=85 exponent_chunking_ms=0.004 bucket_alloc_sum_ms=0.011 bucket_alloc_max_chunk_ms=0.001 bucket_fill_sum_ms=0.010 bucket_fill_max_chunk_ms=0.003 bucket_sum_sum_ms=2.031 bucket_sum_max_chunk_ms=0.210 parallel_chunks_wall_ms=2.078 part_fold_ms=0.383inner_elapsed_ms=2.465
BELLMAN_MSM_OP_COUNTS call_id=31 point_add_calls=1 base_skip_calls=0
BELLMAN_MSM_PROFILE call_id=31 exponent_count=6 density_map_size=Some(6) window=3 elapsed_ms=2.543
BELLMAN_MSM_TASK_START call_id=32 delay_ms=2.598
BELLMAN_MSM_STAGE_PROFILE call_id=32 chunks=29 exponent_chunking_ms=1.600 bucket_alloc_sum_ms=0.091 bucket_alloc_max_chunk_ms=0.030 bucket_fill_sum_ms=103.427 bucket_fill_max_chunk_ms=4.787 bucket_sum_sum_ms=43.471 bucket_sum_max_chunk_ms=1.988 parallel_chunks_wall_ms=147.000 part_fold_ms=0.301inner_elapsed_ms=148.902
BELLMAN_MSM_OP_COUNTS call_id=32 point_add_calls=77667 base_skip_calls=37004
BELLMAN_MSM_PROFILE call_id=32 exponent_count=7821 density_map_size=Some(7821) window=9 elapsed_ms=149.223
G16_PROFILE stage=post_dispatch_wait_assembly elapsed_ms=152.333
run=4, prove_ms=509.884, verify_ms=2.162, proof_bytes=192, verified=true
G16_PROFILE stage=circuit_synthesis elapsed_ms=12.907
G16_PROFILE stage=qap_fft_quotient elapsed_ms=20.074
BELLMAN_MSM_SUBMIT_BEGIN call_id=33 exponent_count=8191
BELLMAN_MSM_SUBMIT_RETURN call_id=33 submit_elapsed_ms=0.010
BELLMAN_MSM_TASK_START call_id=33 delay_ms=0.015
G16_PROFILE stage=h_msm_submit elapsed_ms=0.019
G16_PROFILE stage=assignment_conversion elapsed_ms=0.222
BELLMAN_MSM_SUBMIT_BEGIN call_id=34 exponent_count=7821
BELLMAN_MSM_SUBMIT_RETURN call_id=34 submit_elapsed_ms=0.008
BELLMAN_MSM_SUBMIT_BEGIN call_id=35 exponent_count=6
BELLMAN_MSM_SUBMIT_RETURN call_id=35 submit_elapsed_ms=0.006
BELLMAN_MSM_SUBMIT_BEGIN call_id=36 exponent_count=7821
BELLMAN_MSM_SUBMIT_RETURN call_id=36 submit_elapsed_ms=0.009
BELLMAN_MSM_SUBMIT_BEGIN call_id=37 exponent_count=6
BELLMAN_MSM_SUBMIT_RETURN call_id=37 submit_elapsed_ms=0.007
BELLMAN_MSM_SUBMIT_BEGIN call_id=38 exponent_count=7821
BELLMAN_WORKER_SYNC_FALLBACK previous_count=5 max_count=4 current_num_threads=1
BELLMAN_MSM_STAGE_PROFILE call_id=33 chunks=26 exponent_chunking_ms=2.292 bucket_alloc_sum_ms=0.102 bucket_alloc_max_chunk_ms=0.012 bucket_fill_sum_ms=95.439 bucket_fill_max_chunk_ms=4.012 bucket_sum_sum_ms=26.924 bucket_sum_max_chunk_ms=1.135 parallel_chunks_wall_ms=122.479 part_fold_ms=0.108inner_elapsed_ms=124.879
BELLMAN_MSM_OP_COUNTS call_id=33 point_add_calls=212520 base_skip_calls=0
BELLMAN_MSM_PROFILE call_id=33 exponent_count=8191 density_map_size=None window=10 elapsed_ms=125.429
BELLMAN_MSM_TASK_START call_id=34 delay_ms=125.146
BELLMAN_MSM_STAGE_PROFILE call_id=34 chunks=29 exponent_chunking_ms=1.462 bucket_alloc_sum_ms=0.076 bucket_alloc_max_chunk_ms=0.026 bucket_fill_sum_ms=64.398 bucket_fill_max_chunk_ms=2.930 bucket_sum_sum_ms=15.055 bucket_sum_max_chunk_ms=0.545 parallel_chunks_wall_ms=79.541 part_fold_ms=0.108inner_elapsed_ms=81.111
BELLMAN_MSM_OP_COUNTS call_id=34 point_add_calls=142327 base_skip_calls=54955
BELLMAN_MSM_PROFILE call_id=34 exponent_count=7821 density_map_size=None window=9 elapsed_ms=81.379
BELLMAN_MSM_TASK_START call_id=35 delay_ms=206.526
BELLMAN_MSM_STAGE_PROFILE call_id=35 chunks=85 exponent_chunking_ms=0.004 bucket_alloc_sum_ms=0.011 bucket_alloc_max_chunk_ms=0.001 bucket_fill_sum_ms=0.172 bucket_fill_max_chunk_ms=0.003 bucket_sum_sum_ms=0.643 bucket_sum_max_chunk_ms=0.014 parallel_chunks_wall_ms=0.851 part_fold_ms=0.163inner_elapsed_ms=1.019
BELLMAN_MSM_OP_COUNTS call_id=35 point_add_calls=374 base_skip_calls=0
BELLMAN_MSM_PROFILE call_id=35 exponent_count=6 density_map_size=None window=3 elapsed_ms=1.089
BELLMAN_MSM_TASK_START call_id=36 delay_ms=207.625
BELLMAN_MSM_STAGE_PROFILE call_id=36 chunks=29 exponent_chunking_ms=1.529 bucket_alloc_sum_ms=0.075 bucket_alloc_max_chunk_ms=0.026 bucket_fill_sum_ms=46.670 bucket_fill_max_chunk_ms=2.043 bucket_sum_sum_ms=15.203 bucket_sum_max_chunk_ms=0.586 parallel_chunks_wall_ms=61.957 part_fold_ms=0.108inner_elapsed_ms=63.595
BELLMAN_MSM_OP_COUNTS call_id=36 point_add_calls=103191 base_skip_calls=50025
BELLMAN_MSM_PROFILE call_id=36 exponent_count=7821 density_map_size=Some(7821) window=9 elapsed_ms=63.820
BELLMAN_MSM_TASK_START call_id=37 delay_ms=271.462
BELLMAN_MSM_STAGE_PROFILE call_id=37 chunks=85 exponent_chunking_ms=0.004 bucket_alloc_sum_ms=0.009 bucket_alloc_max_chunk_ms=0.000 bucket_fill_sum_ms=0.007 bucket_fill_max_chunk_ms=0.002 bucket_sum_sum_ms=0.604 bucket_sum_max_chunk_ms=0.008 parallel_chunks_wall_ms=0.640 part_fold_ms=0.135inner_elapsed_ms=0.780
BELLMAN_MSM_OP_COUNTS call_id=37 point_add_calls=1 base_skip_calls=0
BELLMAN_MSM_PROFILE call_id=37 exponent_count=6 density_map_size=Some(6) window=3 elapsed_ms=0.860
BELLMAN_MSM_TASK_START call_id=38 delay_ms=272.337
BELLMAN_MSM_STAGE_PROFILE call_id=38 chunks=29 exponent_chunking_ms=1.561 bucket_alloc_sum_ms=0.072 bucket_alloc_max_chunk_ms=0.021 bucket_fill_sum_ms=34.822 bucket_fill_max_chunk_ms=1.586 bucket_sum_sum_ms=15.142 bucket_sum_max_chunk_ms=0.691 parallel_chunks_wall_ms=50.046 part_fold_ms=0.107inner_elapsed_ms=51.715
BELLMAN_MSM_OP_COUNTS call_id=38 point_add_calls=77667 base_skip_calls=37004
BELLMAN_MSM_PROFILE call_id=38 exponent_count=7821 density_map_size=Some(7821) window=9 elapsed_ms=51.951
BELLMAN_MSM_SUBMIT_RETURN call_id=38 submit_elapsed_ms=324.392
BELLMAN_MSM_SUBMIT_BEGIN call_id=39 exponent_count=6
BELLMAN_MSM_SUBMIT_RETURN call_id=39 submit_elapsed_ms=0.011
BELLMAN_MSM_SUBMIT_BEGIN call_id=40 exponent_count=7821
BELLMAN_MSM_SUBMIT_RETURN call_id=40 submit_elapsed_ms=0.007
BELLMAN_MSM_TASK_START call_id=39 delay_ms=0.030
G16_PROFILE stage=msm_setup_submit elapsed_ms=324.764
BELLMAN_MSM_STAGE_PROFILE call_id=39 chunks=85 exponent_chunking_ms=0.004 bucket_alloc_sum_ms=0.010 bucket_alloc_max_chunk_ms=0.000 bucket_fill_sum_ms=0.013 bucket_fill_max_chunk_ms=0.004 bucket_sum_sum_ms=1.769 bucket_sum_max_chunk_ms=0.030 parallel_chunks_wall_ms=1.818 part_fold_ms=0.383inner_elapsed_ms=2.206
BELLMAN_MSM_OP_COUNTS call_id=39 point_add_calls=1 base_skip_calls=0
BELLMAN_MSM_PROFILE call_id=39 exponent_count=6 density_map_size=Some(6) window=3 elapsed_ms=2.289
BELLMAN_MSM_TASK_START call_id=40 delay_ms=2.345
BELLMAN_MSM_STAGE_PROFILE call_id=40 chunks=29 exponent_chunking_ms=1.582 bucket_alloc_sum_ms=0.100 bucket_alloc_max_chunk_ms=0.033 bucket_fill_sum_ms=103.120 bucket_fill_max_chunk_ms=4.769 bucket_sum_sum_ms=43.251 bucket_sum_max_chunk_ms=1.617 parallel_chunks_wall_ms=146.487 part_fold_ms=0.298inner_elapsed_ms=148.367
BELLMAN_MSM_OP_COUNTS call_id=40 point_add_calls=77667 base_skip_calls=37004
BELLMAN_MSM_PROFILE call_id=40 exponent_count=7821 density_map_size=Some(7821) window=9 elapsed_ms=148.614
G16_PROFILE stage=post_dispatch_wait_assembly elapsed_ms=151.404
run=5, prove_ms=509.312, verify_ms=2.112, proof_bytes=192, verified=true
CSV_PATH=experiments/raw/csv/sapling_output_prover_runs_release.csv
OUTPUT_PROOF_EXPERIMENT=PASS
